Archive member included to satisfy reference by file (symbol)

app/libapp.a(main.c.obj)      (--whole-archive)
zephyr/libzephyr.a(heap.c.obj)
                              (--whole-archive)
zephyr/libzephyr.a(cbprintf_packaged.c.obj)
                              (--whole-archive)
zephyr/libzephyr.a(clock.c.obj)
                              (--whole-archive)
zephyr/libzephyr.a(printk.c.obj)
                              (--whole-archive)
zephyr/libzephyr.a(sem.c.obj)
                              (--whole-archive)
zephyr/libzephyr.a(thread_entry.c.obj)
                              (--whole-archive)
zephyr/libzephyr.a(cbprintf_complete.c.obj)
                              (--whole-archive)
zephyr/libzephyr.a(assert.c.obj)
                              (--whole-archive)
zephyr/libzephyr.a(dec.c.obj)
                              (--whole-archive)
zephyr/libzephyr.a(hex.c.obj)
                              (--whole-archive)
zephyr/libzephyr.a(rb.c.obj)  (--whole-archive)
zephyr/libzephyr.a(timeutil.c.obj)
                              (--whole-archive)
zephyr/libzephyr.a(bitarray.c.obj)
                              (--whole-archive)
zephyr/libzephyr.a(ring_buffer.c.obj)
                              (--whole-archive)
zephyr/libzephyr.a(last_section_id.c.obj)
                              (--whole-archive)
zephyr/libzephyr.a(configs.c.obj)
                              (--whole-archive)
zephyr/libzephyr.a(soc.c.obj)
                              (--whole-archive)
zephyr/libzephyr.a(mem_attr.c.obj)
                              (--whole-archive)
zephyr/libzephyr.a(tracing_none.c.obj)
                              (--whole-archive)
zephyr/libzephyr.a(kernel_shell.c.obj)
                              (--whole-archive)
zephyr/libzephyr.a(cycles.c.obj)
                              (--whole-archive)
zephyr/libzephyr.a(sleep.c.obj)
                              (--whole-archive)
zephyr/libzephyr.a(uptime.c.obj)
                              (--whole-archive)
zephyr/libzephyr.a(version.c.obj)
                              (--whole-archive)
zephyr/libzephyr.a(thread.c.obj)
                              (--whole-archive)
zephyr/libzephyr.a(list.c.obj)
                              (--whole-archive)
zephyr/libzephyr.a(stacks.c.obj)
                              (--whole-archive)
zephyr/libzephyr.a(suspend.c.obj)
                              (--whole-archive)
zephyr/libzephyr.a(resume.c.obj)
                              (--whole-archive)
zephyr/libzephyr.a(kill.c.obj)
                              (--whole-archive)
zephyr/libzephyr.a(device_service.c.obj)
                              (--whole-archive)
zephyr/libzephyr.a(devmem_service.c.obj)
                              (--whole-archive)
zephyr/libzephyr.a(shell_uart.c.obj)
                              (--whole-archive)
zephyr/libzephyr.a(shell.c.obj)
                              (--whole-archive)
zephyr/libzephyr.a(shell_fprintf.c.obj)
                              (--whole-archive)
zephyr/libzephyr.a(shell_utils.c.obj)
                              (--whole-archive)
zephyr/libzephyr.a(shell_ops.c.obj)
                              (--whole-archive)
zephyr/libzephyr.a(shell_help.c.obj)
                              (--whole-archive)
zephyr/libzephyr.a(shell_cmds.c.obj)
                              (--whole-archive)
zephyr/libzephyr.a(shell_history.c.obj)
                              (--whole-archive)
zephyr/libzephyr.a(shell_wildcard.c.obj)
                              (--whole-archive)
zephyr/arch/common/libarch__common.a(sw_isr_common.c.obj)
                              (--whole-archive)
zephyr/arch/arch/arm/core/libarch__arm__core.a(fatal.c.obj)
                              (--whole-archive)
zephyr/arch/arch/arm/core/libarch__arm__core.a(nmi.c.obj)
                              (--whole-archive)
zephyr/arch/arch/arm/core/libarch__arm__core.a(nmi_on_reset.S.obj)
                              (--whole-archive)
zephyr/arch/arch/arm/core/libarch__arm__core.a(tls.c.obj)
                              (--whole-archive)
zephyr/arch/arch/arm/core/cortex_m/libarch__arm__core__cortex_m.a(exc_exit.c.obj)
                              (--whole-archive)
zephyr/arch/arch/arm/core/cortex_m/libarch__arm__core__cortex_m.a(fault.c.obj)
                              (--whole-archive)
zephyr/arch/arch/arm/core/cortex_m/libarch__arm__core__cortex_m.a(fault_s.S.obj)
                              (--whole-archive)
zephyr/arch/arch/arm/core/cortex_m/libarch__arm__core__cortex_m.a(fpu.c.obj)
                              (--whole-archive)
zephyr/arch/arch/arm/core/cortex_m/libarch__arm__core__cortex_m.a(reset.S.obj)
                              (--whole-archive)
zephyr/arch/arch/arm/core/cortex_m/libarch__arm__core__cortex_m.a(scb.c.obj)
                              (--whole-archive)
zephyr/arch/arch/arm/core/cortex_m/libarch__arm__core__cortex_m.a(thread_abort.c.obj)
                              (--whole-archive)
[...]
Memory Configuration

Name             Origin             Length             Attributes
FLASH            0x0000000010000000 0x0000000000200000 xr
RAM              0x0000000030000000 0x0000000000050000 xw
SRAMX            0x0000000014000000 0x0000000000018000 rw
IDT_LIST         0x00000000ffff7fff 0x0000000000008000 xw
*default*        0x0000000000000000 0xffffffffffffffff

Linker script and memory map

                0x0000000010006dbc                vfprintf = __l_vfprintf
                0x0000000000000000                vfscanf = __l_vfscanf
LOAD zephyr/CMakeFiles/zephyr_final.dir/misc/empty_file.c.obj
LOAD zephyr/CMakeFiles/zephyr_final.dir/isr_tables.c.obj
LOAD zephyr/CMakeFiles/offsets.dir/./arch/arm/core/offsets/offsets.c.obj
LOAD app/libapp.a
LOAD zephyr/libzephyr.a
LOAD zephyr/arch/common/libarch__common.a
LOAD zephyr/arch/arch/arm/core/libarch__arm__core.a
LOAD zephyr/arch/arch/arm/core/cortex_m/libarch__arm__core__cortex_m.a
LOAD zephyr/arch/arch/arm/core/cortex_m/cmse/libarch__arm__core__cortex_m__cmse.a
LOAD zephyr/arch/arch/arm/core/mpu/libarch__arm__core__mpu.a
LOAD zephyr/lib/libc/picolibc/liblib__libc__picolibc.a
LOAD zephyr/lib/libc/common/liblib__libc__common.a
LOAD zephyr/lib/posix/options/liblib__posix__options.a
LOAD zephyr/boards/nxp/frdm_mcxn947/libboards__nxp__frdm_mcxn947.a
LOAD zephyr/drivers/clock_control/libdrivers__clock_control.a
LOAD zephyr/drivers/console/libdrivers__console.a
LOAD zephyr/drivers/gpio/libdrivers__gpio.a
LOAD zephyr/drivers/mfd/libdrivers__mfd.a
LOAD zephyr/drivers/pinctrl/libdrivers__pinctrl.a
LOAD zephyr/drivers/serial/libdrivers__serial.a
LOAD zephyr/drivers/timer/libdrivers__timer.a
LOAD modules/hal_nxp/libmodules__hal_nxp.a
LOAD zephyr/kernel/libkernel.a
LOAD zephyr/arch/common/libisr_tables.a
LOAD /home/las/zephyr-sdk-0.17.2/arm-zephyr-eabi/bin/../lib/gcc/../../picolibc/arm-zephyr-eabi/lib/thumb/v8-m.main/nofp/libc.a
LOAD /home/las/zephyr-sdk-0.17.2/arm-zephyr-eabi/bin/../lib/gcc/arm-zephyr-eabi/12.2.0/thumb/v8-m.main/nofp/libgcc.a
                0x0000000000000020                _region_min_align = 0x20

.rel.plt        0x0000000010000000        0x0
 *(SORT_BY_ALIGNMENT(.rel.plt))
                [!provide]                        PROVIDE (__rel_iplt_start = .)
 *(SORT_BY_ALIGNMENT(.rel.iplt))
 .rel.iplt      0x0000000010000000        0x0 zephyr/CMakeFiles/zephyr_final.dir/isr_tables.c.obj
                [!provide]                        PROVIDE (__rel_iplt_end = .)

.rela.plt       0x0000000000000000        0x0
 *(SORT_BY_ALIGNMENT(.rela.plt))
                [!provide]                        PROVIDE (__rela_iplt_start = .)
 *(SORT_BY_ALIGNMENT(.rela.iplt))
                [!provide]                        PROVIDE (__rela_iplt_end = .)

.rel.dyn
 *(SORT_BY_ALIGNMENT(.rel.*))

.rela.dyn
 *(SORT_BY_ALIGNMENT(.rela.*))

/DISCARD/
 *(SORT_BY_ALIGNMENT(.plt))

/DISCARD/
 *(SORT_BY_ALIGNMENT(.iplt))
                0x0000000010000000                __rom_region_start = 0x10000000

rom_start       0x0000000010000000      0x2ac
                0x0000000010000000                __rom_start_address = .
 FILL mask 0x00
                0x0000000010000000                . = (. + (0x0 - (. - __rom_start_address)))
                0x0000000010000000                . = ALIGN (0x4)
                0x0000000010000000                . = ALIGN (0x80)
                0x0000000010000000                . = ALIGN (0x400)
                0x0000000010000000                _vector_start = .
 *(SORT_BY_ALIGNMENT(.exc_vector_table))
 *(SORT_BY_ALIGNMENT(.exc_vector_table.*))
 .exc_vector_table._vector_table_section
                0x0000000010000000       0x40 zephyr/arch/arch/arm/core/cortex_m/libarch__arm__core__cortex_m.a(vector_table.S.obj)
                0x0000000010000000                _vector_table
 *(SORT_BY_ALIGNMENT(.vectors))
                0x00000000100002ac                _vector_end = .
                0x0000000010000040                . = ALIGN (0x4)
 *(SORT_BY_ALIGNMENT(.gnu.linkonce.irq_vector_table*))
 .gnu.linkonce.irq_vector_table
                0x0000000010000040      0x26c zephyr/CMakeFiles/zephyr_final.dir/isr_tables.c.obj
                0x0000000010000040                _irq_vector_table
                0x00000000100002ac                _vector_end = .

text            0x00000000100002b0     0x9a98
                0x00000000100002b0                __text_region_start = .
 *(SORT_BY_ALIGNMENT(.text))
 .text          0x00000000100002b0      0x378 /home/las/zephyr-sdk-0.17.2/arm-zephyr-eabi/bin/../lib/gcc/arm-zephyr-eabi/12.2.0/thumb/v8-m.main/nofp/libgcc.a(_arm_addsubdf3.o)
                0x00000000100002b0                __aeabi_drsub
                0x00000000100002b8                __aeabi_dsub
                0x00000000100002b8                __subdf3
                0x00000000100002bc                __adddf3
                0x00000000100002bc                __aeabi_dadd
                0x0000000010000534                __aeabi_ui2d
                0x0000000010000534                __floatunsidf
                0x0000000010000554                __floatsidf
                0x0000000010000554                __aeabi_i2d
                0x0000000010000578                __extendsfdf2
                0x0000000010000578                __aeabi_f2d
                0x00000000100005bc                __aeabi_ul2d
                0x00000000100005bc                __floatundidf
                0x00000000100005cc                __floatdidf
                0x00000000100005cc                __aeabi_l2d
 .text          0x0000000010000628      0x424 /home/las/zephyr-sdk-0.17.2/arm-zephyr-eabi/bin/../lib/gcc/arm-zephyr-eabi/12.2.0/thumb/v8-m.main/nofp/libgcc.a(_arm_muldivdf3.o)
                0x0000000010000628                __aeabi_dmul
                0x0000000010000628                __muldf3
                0x000000001000087c                __aeabi_ddiv
                0x000000001000087c                __divdf3
 .text          0x0000000010000a4c      0x21c /home/las/zephyr-sdk-0.17.2/arm-zephyr-eabi/bin/../lib/gcc/arm-zephyr-eabi/12.2.0/thumb/v8-m.main/nofp/libgcc.a(_arm_addsubsf3.o)
                0x0000000010000a4c                __aeabi_frsub
                0x0000000010000a54                __subsf3
                0x0000000010000a54                __aeabi_fsub
                0x0000000010000a58                __aeabi_fadd
                0x0000000010000a58                __addsf3
                0x0000000010000bb8                __aeabi_ui2f
                0x0000000010000bb8                __floatunsisf
                0x0000000010000bc0                __aeabi_i2f
                0x0000000010000bc0                __floatsisf
                0x0000000010000bdc                __floatundisf
                0x0000000010000bdc                __aeabi_ul2f
                0x0000000010000bec                __floatdisf
                0x0000000010000bec                __aeabi_l2f
 .text          0x0000000010000c68      0x2a0 /home/las/zephyr-sdk-0.17.2/arm-zephyr-eabi/bin/../lib/gcc/arm-zephyr-eabi/12.2.0/thumb/v8-m.main/nofp/libgcc.a(_arm_muldivsf3.o)
                0x0000000010000c68                __mulsf3
                0x0000000010000c68                __aeabi_fmul
                0x0000000010000dd0                __divsf3
                0x0000000010000dd0                __aeabi_fdiv
 .text          0x0000000010000f08       0x40 /home/las/zephyr-sdk-0.17.2/arm-zephyr-eabi/bin/../lib/gcc/arm-zephyr-eabi/12.2.0/thumb/v8-m.main/nofp/libgcc.a(_arm_fixunssfsi.o)
                0x0000000010000f08                __aeabi_f2uiz
                0x0000000010000f08                __fixunssfsi
 .text          0x0000000010000f48       0xa0 /home/las/zephyr-sdk-0.17.2/arm-zephyr-eabi/bin/../lib/gcc/arm-zephyr-eabi/12.2.0/thumb/v8-m.main/nofp/libgcc.a(_aeabi_ldivmod.o)
                0x0000000010000f48                __aeabi_ldivmod
 .text          0x0000000010000fe8       0x30 /home/las/zephyr-sdk-0.17.2/arm-zephyr-eabi/bin/../lib/gcc/arm-zephyr-eabi/12.2.0/thumb/v8-m.main/nofp/libgcc.a(_aeabi_uldivmod.o)
                0x0000000010000fe8                __aeabi_uldivmod
 .text          0x0000000010001018       0x40 /home/las/zephyr-sdk-0.17.2/arm-zephyr-eabi/bin/../lib/gcc/arm-zephyr-eabi/12.2.0/thumb/v8-m.main/nofp/libgcc.a(_fixunssfdi.o)
                0x0000000010001018                __aeabi_f2ulz
                0x0000000010001018                __fixunssfdi
 .text          0x0000000010001058        0x4 /home/las/zephyr-sdk-0.17.2/arm-zephyr-eabi/bin/../lib/gcc/arm-zephyr-eabi/12.2.0/thumb/v8-m.main/nofp/libgcc.a(_dvmd_tls.o)
                0x0000000010001058                __aeabi_ldiv0
                0x0000000010001058                __aeabi_idiv0
 .text          0x000000001000105c       0x40 /home/las/zephyr-sdk-0.17.2/arm-zephyr-eabi/bin/../lib/gcc/arm-zephyr-eabi/12.2.0/thumb/v8-m.main/nofp/libgcc.a(_arm_fixunsdfsi.o)
                0x000000001000105c                __fixunsdfsi
                0x000000001000105c                __aeabi_d2uiz
 .text          0x000000001000109c       0x14 /home/las/zephyr-sdk-0.17.2/arm-zephyr-eabi/bin/../lib/gcc/../../picolibc/arm-zephyr-eabi/lib/thumb/v8-m.main/nofp/libc.a(strcmp.S.o)
                0x000000001000109c                strcmp
 .text          0x00000000100010b0       0x10 /home/las/zephyr-sdk-0.17.2/arm-zephyr-eabi/bin/../lib/gcc/../../picolibc/arm-zephyr-eabi/lib/thumb/v8-m.main/nofp/libc.a(strcpy.S.o)
                0x00000000100010b0                strcpy
 .text          0x00000000100010c0       0x10 /home/las/zephyr-sdk-0.17.2/arm-zephyr-eabi/bin/../lib/gcc/../../picolibc/arm-zephyr-eabi/lib/thumb/v8-m.main/nofp/libc.a(strlen.S.o)
                0x00000000100010c0                strlen
 .text          0x00000000100010d0      0x29c /home/las/zephyr-sdk-0.17.2/arm-zephyr-eabi/bin/../lib/gcc/arm-zephyr-eabi/12.2.0/thumb/v8-m.main/nofp/libgcc.a(_udivmoddi4.o)
                0x00000000100010d0                __udivmoddi4
 *(SORT_BY_ALIGNMENT(.text.*))
 *fill*         0x000000001000136c        0x4 
 .text.cmd_kernel_uptime
                0x0000000010001370       0xe0 zephyr/libzephyr.a(uptime.c.obj)
 .text.main     0x0000000010001450       0x7c app/libapp.a(main.c.obj)
                0x0000000010001450                main
 .text.char_out
                0x00000000100014cc        0xc zephyr/libzephyr.a(printk.c.obj)
 .text.__printk_hook_install
                0x00000000100014d8        0xc zephyr/libzephyr.a(printk.c.obj)
                0x00000000100014d8                __printk_hook_install
 .text.vprintk  0x00000000100014e4       0x30 zephyr/libzephyr.a(printk.c.obj)
                0x00000000100014e4                vprintk
 .text.z_thread_entry
                0x0000000010001514       0x34 zephyr/libzephyr.a(thread_entry.c.obj)
                0x0000000010001514                z_thread_entry
 .text.mem_attr_get_regions
                0x0000000010001548        0xc zephyr/libzephyr.a(mem_attr.c.obj)
                0x0000000010001548                mem_attr_get_regions
 .text.cmd_kernel_cycles
                0x0000000010001554       0x1c zephyr/libzephyr.a(cycles.c.obj)
 .text.cmd_kernel_sleep
                0x0000000010001570       0x40 zephyr/libzephyr.a(sleep.c.obj)
 .text.cmd_kernel_version
                0x00000000100015b0       0x18 zephyr/libzephyr.a(version.c.obj)
 .text.z_thread_is_valid
                0x00000000100015c8       0x20 zephyr/libzephyr.a(thread.c.obj)
                0x00000000100015c8                z_thread_is_valid
 .text.cmd_kernel_thread_list
                0x00000000100015e8       0x34 zephyr/libzephyr.a(list.c.obj)
 .text.shell_tdata_dump
                0x000000001000161c       0xc0 zephyr/libzephyr.a(list.c.obj)
 .text.cmd_kernel_thread_stacks
                0x00000000100016dc       0x70 zephyr/libzephyr.a(stacks.c.obj)
 .text.shell_stack_dump
                0x000000001000174c       0x60 zephyr/libzephyr.a(stacks.c.obj)
 .text.cmd_kernel_thread_suspend
                0x00000000100017ac       0x64 zephyr/libzephyr.a(suspend.c.obj)
 .text.cmd_kernel_thread_resume
                0x0000000010001810       0x64 zephyr/libzephyr.a(resume.c.obj)
 .text.cmd_kernel_thread_kill
                0x0000000010001874       0x64 zephyr/libzephyr.a(kill.c.obj)
 .text.cmd_device_list
                0x00000000100018d8       0xd8 zephyr/libzephyr.a(device_service.c.obj)
 .text.cmd_devmem
                0x00000000100019b0       0xc4 zephyr/libzephyr.a(devmem_service.c.obj)
 .text.cmd_dump
                0x0000000010001a74      0x178 zephyr/libzephyr.a(devmem_service.c.obj)
 .text.set_bypass.isra.0
                0x0000000010001bec       0x4c zephyr/libzephyr.a(devmem_service.c.obj)
 .text.bypass_cb
                0x0000000010001c38      0x114 zephyr/libzephyr.a(devmem_service.c.obj)
 .text.cmd_load
                0x0000000010001d4c       0xd8 zephyr/libzephyr.a(devmem_service.c.obj)
 .text.enable_shell_uart
                0x0000000010001e24       0x34 zephyr/libzephyr.a(shell_uart.c.obj)
 .text.init     0x0000000010001e58       0x54 zephyr/libzephyr.a(shell_uart.c.obj)
 .text.shell_internal_help_print
                0x0000000010001eac       0x20 zephyr/libzephyr.a(shell.c.obj)
 .text.kill_handler
                0x0000000010001ecc       0x50 zephyr/libzephyr.a(shell.c.obj)
 .text.z_cursor_next_line_move.isra.0
                0x0000000010001f1c        0xc zephyr/libzephyr.a(shell.c.obj)
 .text.history_handle
                0x0000000010001f28       0xac zephyr/libzephyr.a(shell.c.obj)
 .text.execute  0x0000000010001fd4      0x2c8 zephyr/libzephyr.a(shell.c.obj)
 .text.state_set.constprop.0
                0x000000001000229c       0x4c zephyr/libzephyr.a(shell.c.obj)
 .text.shell_process
                0x00000000100022e8      0x69c zephyr/libzephyr.a(shell.c.obj)
                0x00000000100022e8                shell_process
 .text.shell_thread
                0x0000000010002984       0xd0 zephyr/libzephyr.a(shell.c.obj)
                0x0000000010002984                shell_thread
 .text.cmd_help
                0x0000000010002a54       0x44 zephyr/libzephyr.a(shell.c.obj)
 .text.shell_hexdump_line
                0x0000000010002a98       0xcc zephyr/libzephyr.a(shell.c.obj)
                0x0000000010002a98                shell_hexdump_line
 .text.shell_init
                0x0000000010002b64       0xe8 zephyr/libzephyr.a(shell.c.obj)
                0x0000000010002b64                shell_init
 .text.z_shell_fprintf_fmt
                0x0000000010002c4c       0x28 zephyr/libzephyr.a(shell_fprintf.c.obj)
                0x0000000010002c4c                z_shell_fprintf_fmt
 .text.z_shell_cmd_get
                0x0000000010002c74       0x74 zephyr/libzephyr.a(shell_utils.c.obj)
                0x0000000010002c74                z_shell_cmd_get
 .text.shell_strtoul
                0x0000000010002ce8       0x50 zephyr/libzephyr.a(shell_utils.c.obj)
                0x0000000010002ce8                shell_strtoul
 .text.z_clear_eos
                0x0000000010002d38       0x18 zephyr/libzephyr.a(shell_ops.c.obj)
 .text.z_cursor_next_line_move.isra.0
                0x0000000010002d50        0xc zephyr/libzephyr.a(shell_ops.c.obj)
 .text.z_shell_op_cursor_vert_move
                0x0000000010002d5c       0x2c zephyr/libzephyr.a(shell_ops.c.obj)
                0x0000000010002d5c                z_shell_op_cursor_vert_move
 .text.z_shell_op_cursor_horiz_move
                0x0000000010002d88       0x2c zephyr/libzephyr.a(shell_ops.c.obj)
                0x0000000010002d88                z_shell_op_cursor_horiz_move
 .text.z_shell_print_cmd
                0x0000000010002db4       0x78 zephyr/libzephyr.a(shell_ops.c.obj)
                0x0000000010002db4                z_shell_print_cmd
 .text.z_shell_vt100_color_set
                0x0000000010002e2c       0x40 zephyr/libzephyr.a(shell_ops.c.obj)
                0x0000000010002e2c                z_shell_vt100_color_set
 .text.z_shell_vt100_colors_restore
                0x0000000010002e6c       0x3c zephyr/libzephyr.a(shell_ops.c.obj)
                0x0000000010002e6c                z_shell_vt100_colors_restore
 .text.z_shell_op_word_remove
                0x0000000010002ea8       0xc8 zephyr/libzephyr.a(shell_ops.c.obj)
                0x0000000010002ea8                z_shell_op_word_remove
 .text.reprint_from_cursor
                0x0000000010002f70       0xe0 zephyr/libzephyr.a(shell_ops.c.obj)
 .text.z_shell_op_char_insert
                0x0000000010003050       0x70 zephyr/libzephyr.a(shell_ops.c.obj)
                0x0000000010003050                z_shell_op_char_insert
 .text.z_shell_print_prompt_and_cmd
                0x00000000100030c0       0x30 zephyr/libzephyr.a(shell_ops.c.obj)
                0x00000000100030c0                z_shell_print_prompt_and_cmd
 .text.z_cursor_next_line_move.isra.0
                0x00000000100030f0        0xc zephyr/libzephyr.a(shell_help.c.obj)
 .text.formatted_structured_help_print
                0x00000000100030fc       0x40 zephyr/libzephyr.a(shell_help.c.obj)
 .text.z_shell_help_subcmd_print
                0x000000001000313c       0xd0 zephyr/libzephyr.a(shell_help.c.obj)
                0x000000001000313c                z_shell_help_subcmd_print
 .text.z_shell_help_cmd_print
                0x000000001000320c       0x64 zephyr/libzephyr.a(shell_help.c.obj)
                0x000000001000320c                z_shell_help_cmd_print
 .text.z_shell_help_request
                0x0000000010003270       0x28 zephyr/libzephyr.a(shell_help.c.obj)
                0x0000000010003270                z_shell_help_request
 .text.cmd_resize_default
                0x0000000010003298       0x2c zephyr/libzephyr.a(shell_cmds.c.obj)
 .text.cmd_shell_stats_show
                0x00000000100032c4       0x14 zephyr/libzephyr.a(shell_cmds.c.obj)
 .text.cmd_backends
                0x00000000100032d8       0x4c zephyr/libzephyr.a(shell_cmds.c.obj)
 .text.cmd_prompt_off
                0x0000000010003324       0x10 zephyr/libzephyr.a(shell_cmds.c.obj)
 .text.cmd_history
                0x0000000010003334       0x40 zephyr/libzephyr.a(shell_cmds.c.obj)
 .text.cmd_get_retval
                0x0000000010003374       0x1c zephyr/libzephyr.a(shell_cmds.c.obj)
 .text.cmd_echo
                0x0000000010003390       0x50 zephyr/libzephyr.a(shell_cmds.c.obj)
 .text.cmd_clear
                0x00000000100033e0       0x34 zephyr/libzephyr.a(shell_cmds.c.obj)
 .text.cmd_resize
                0x0000000010003414      0x1a0 zephyr/libzephyr.a(shell_cmds.c.obj)
 .text.z_shell_wildcard_process
                0x00000000100035b4       0xe4 zephyr/libzephyr.a(shell_wildcard.c.obj)
                0x00000000100035b4                z_shell_wildcard_process
 .text.z_SysNmiOnReset
                0x0000000010003698        0x8 zephyr/arch/arch/arm/core/libarch__arm__core.a(nmi_on_reset.S.obj)
                0x0000000010003698                z_SysNmiOnReset
 .text.arch_tls_stack_setup
                0x00000000100036a0       0x40 zephyr/arch/arch/arm/core/libarch__arm__core.a(tls.c.obj)
                0x00000000100036a0                arch_tls_stack_setup
 .text._HandlerModeExit
                0x00000000100036e0       0x20 zephyr/arch/arch/arm/core/cortex_m/libarch__arm__core__cortex_m.a(exc_exit.c.obj)
                0x00000000100036e0                z_arm_exc_exit
                0x00000000100036e0                z_arm_int_exit
 .text.secure_fault.constprop.0
                0x0000000010003700       0x74 zephyr/arch/arch/arm/core/cortex_m/libarch__arm__core__cortex_m.a(fault.c.obj)
 .text.usage_fault.constprop.0
                0x0000000010003774       0x5c zephyr/arch/arch/arm/core/cortex_m/libarch__arm__core__cortex_m.a(fault.c.obj)
 .text.bus_fault.constprop.0
                0x00000000100037d0       0x6c zephyr/arch/arch/arm/core/cortex_m/libarch__arm__core__cortex_m.a(fault.c.obj)
 .text.mem_manage_fault.constprop.0
                0x000000001000383c       0x78 zephyr/arch/arch/arm/core/cortex_m/libarch__arm__core__cortex_m.a(fault.c.obj)
 .text.z_arm_fault
                0x00000000100038b4      0x154 zephyr/arch/arch/arm/core/cortex_m/libarch__arm__core__cortex_m.a(fault.c.obj)
                0x00000000100038b4                z_arm_fault
 .text.z_arm_fault_init
                0x0000000010003a08       0x20 zephyr/arch/arch/arm/core/cortex_m/libarch__arm__core__cortex_m.a(fault.c.obj)
                0x0000000010003a08                z_arm_fault_init
 .text.__fault  0x0000000010003a28       0x14 zephyr/arch/arch/arm/core/cortex_m/libarch__arm__core__cortex_m.a(fault_s.S.obj)
                0x0000000010003a28                z_arm_secure_fault
                0x0000000010003a28                z_arm_bus_fault
                0x0000000010003a28                z_arm_usage_fault
                0x0000000010003a28                z_arm_mpu_fault
                0x0000000010003a28                z_arm_exc_spurious
                0x0000000010003a28                z_arm_debug_monitor
                0x0000000010003a28                z_arm_hard_fault
 .text._reset_section
                0x0000000010003a3c       0x48 zephyr/arch/arch/arm/core/cortex_m/libarch__arm__core__cortex_m.a(reset.S.obj)
                0x0000000010003a3c                z_arm_reset
                0x0000000010003a3c                __start
 .text.z_impl_k_thread_abort
                0x0000000010003a84       0x2c zephyr/arch/arch/arm/core/cortex_m/libarch__arm__core__cortex_m.a(thread_abort.c.obj)
                0x0000000010003a84                z_impl_k_thread_abort
 .text.z_arm_pendsv
                0x0000000010003ab0       0x68 zephyr/arch/arch/arm/core/cortex_m/libarch__arm__core__cortex_m.a(swap_helper.S.obj)
                0x0000000010003ab0                z_arm_pendsv
 .text.z_arm_svc
                0x0000000010003b18       0x24 zephyr/arch/arch/arm/core/cortex_m/libarch__arm__core__cortex_m.a(swap_helper.S.obj)
                0x0000000010003b18                z_arm_svc
 .text.arm_irq_enable
                0x0000000010003b3c       0x1c zephyr/arch/arch/arm/core/cortex_m/libarch__arm__core__cortex_m.a(irq_manage.c.obj)
                0x0000000010003b3c                arm_irq_enable
 .text.arm_irq_priority_set
                0x0000000010003b58       0x2c zephyr/arch/arch/arm/core/cortex_m/libarch__arm__core__cortex_m.a(irq_manage.c.obj)
                0x0000000010003b58                arm_irq_priority_set
 .text.relocate_vector_table
                0x0000000010003b84       0x1c zephyr/arch/arch/arm/core/cortex_m/libarch__arm__core__cortex_m.a(prep_c.c.obj)
                0x0000000010003b84                relocate_vector_table
 .text.z_prep_c
                0x0000000010003ba0       0x38 zephyr/arch/arch/arm/core/cortex_m/libarch__arm__core__cortex_m.a(prep_c.c.obj)
                0x0000000010003ba0                z_prep_c
 .text.arch_new_thread
                0x0000000010003bd8       0x38 zephyr/arch/arch/arm/core/cortex_m/libarch__arm__core__cortex_m.a(thread.c.obj)
                0x0000000010003bd8                arch_new_thread
 .text.arch_switch_to_main_thread
                0x0000000010003c10       0x44 zephyr/arch/arch/arm/core/cortex_m/libarch__arm__core__cortex_m.a(thread.c.obj)
                0x0000000010003c10                arch_switch_to_main_thread
 .text.z_arm_cpu_idle_init
                0x0000000010003c54        0xc zephyr/arch/arch/arm/core/cortex_m/libarch__arm__core__cortex_m.a(cpu_idle.c.obj)
                0x0000000010003c54                z_arm_cpu_idle_init
 .text.z_arm_interrupt_init
                0x0000000010003c60       0x18 zephyr/arch/arch/arm/core/cortex_m/libarch__arm__core__cortex_m.a(irq_init.c.obj)
                0x0000000010003c60                z_arm_interrupt_init
 .text._isr_wrapper
                0x0000000010003c78       0x24 zephyr/arch/arch/arm/core/cortex_m/libarch__arm__core__cortex_m.a(isr_wrapper.c.obj)
                0x0000000010003c78                _isr_wrapper
 .text.z_arm_configure_static_mpu_regions
                0x0000000010003c9c       0x38 zephyr/arch/arch/arm/core/mpu/libarch__arm__core__mpu.a(arm_core_mpu.c.obj)
                0x0000000010003c9c                z_arm_configure_static_mpu_regions
 .text.region_init
                0x0000000010003cd4       0x34 zephyr/arch/arch/arm/core/mpu/libarch__arm__core__mpu.a(arm_mpu.c.obj)
 .text.region_allocate_and_init
                0x0000000010003d08       0x24 zephyr/arch/arch/arm/core/mpu/libarch__arm__core__mpu.a(arm_mpu.c.obj)
 .text.mpu_configure_regions_and_partition.constprop.0
                0x0000000010003d2c      0x148 zephyr/arch/arch/arm/core/mpu/libarch__arm__core__mpu.a(arm_mpu.c.obj)
 .text.arm_core_mpu_enable
                0x0000000010003e74       0x18 zephyr/arch/arch/arm/core/mpu/libarch__arm__core__mpu.a(arm_mpu.c.obj)
                0x0000000010003e74                arm_core_mpu_enable
 .text.arm_core_mpu_disable
                0x0000000010003e8c       0x14 zephyr/arch/arch/arm/core/mpu/libarch__arm__core__mpu.a(arm_mpu.c.obj)
                0x0000000010003e8c                arm_core_mpu_disable
 .text.arm_core_mpu_configure_static_mpu_regions
                0x0000000010003ea0       0x14 zephyr/arch/arch/arm/core/mpu/libarch__arm__core__mpu.a(arm_mpu.c.obj)
                0x0000000010003ea0                arm_core_mpu_configure_static_mpu_regions
 .text.arm_core_mpu_mark_areas_for_dynamic_regions
                0x0000000010003eb4       0xb8 zephyr/arch/arch/arm/core/mpu/libarch__arm__core__mpu.a(arm_mpu.c.obj)
                0x0000000010003eb4                arm_core_mpu_mark_areas_for_dynamic_regions
 .text.z_arm_mpu_init
                0x0000000010003f6c      0x11c zephyr/arch/arch/arm/core/mpu/libarch__arm__core__mpu.a(arm_mpu.c.obj)
                0x0000000010003f6c                z_arm_mpu_init
 .text.cbvprintf
                0x0000000010004088       0x38 zephyr/lib/libc/picolibc/liblib__libc__picolibc.a(cbprintf.c.obj)
                0x0000000010004088                cbvprintf
 .text.z_impl_zephyr_fputc
                0x00000000100040c0       0x10 zephyr/lib/libc/picolibc/liblib__libc__picolibc.a(stdio.c.obj)
                0x00000000100040c0                z_impl_zephyr_fputc
 .text.__stdout_hook_install
                0x00000000100040d0       0x18 zephyr/lib/libc/picolibc/liblib__libc__picolibc.a(stdio.c.obj)
                0x00000000100040d0                __stdout_hook_install
 .text.malloc_prepare
                0x00000000100040e8       0x24 zephyr/lib/libc/common/liblib__libc__common.a(malloc.c.obj)
 .text.getopt_init
                0x000000001000410c       0x48 zephyr/lib/posix/options/liblib__posix__options.a(getopt.c.obj)
                0x000000001000410c                getopt_init
 .text.getopt   0x0000000010004154       0xf8 zephyr/lib/posix/options/liblib__posix__options.a(getopt.c.obj)
                0x0000000010004154                getopt
 .text.z_getopt_global_state_update
                0x000000001000424c       0x34 zephyr/lib/posix/options/liblib__posix__options.a(getopt_common.c.obj)
                0x000000001000424c                z_getopt_global_state_update
 .text.getopt_state_get
                0x0000000010004280        0x8 zephyr/lib/posix/options/liblib__posix__options.a(getopt_common.c.obj)
                0x0000000010004280                getopt_state_get
 .text.power_mode_od
                0x0000000010004288       0x40 zephyr/boards/nxp/frdm_mcxn947/libboards__nxp__frdm_mcxn947.a(board.c.obj)
                0x0000000010004288                power_mode_od
 .text.board_early_init_hook
                0x00000000100042c8      0x290 zephyr/boards/nxp/frdm_mcxn947/libboards__nxp__frdm_mcxn947.a(board.c.obj)
                0x00000000100042c8                board_early_init_hook
 .text.uart_console_init
                0x0000000010004558       0x28 zephyr/drivers/console/libdrivers__console.a(uart_console.c.obj)
 .text.console_out
                0x0000000010004580       0x28 zephyr/drivers/console/libdrivers__console.a(uart_console.c.obj)
 .text.pinctrl_configure_pins
                0x00000000100045a8       0x40 zephyr/drivers/pinctrl/libdrivers__pinctrl.a(pinctrl_nxp_port.c.obj)
                0x00000000100045a8                pinctrl_configure_pins
 .text.mcux_lpuart_config_func_0
                0x00000000100045e8       0x18 zephyr/drivers/serial/libdrivers__serial.a(uart_mcux_lpuart.c.obj)
 .text.mcux_lpuart_config_func_1
                0x0000000010004600       0x18 zephyr/drivers/serial/libdrivers__serial.a(uart_mcux_lpuart.c.obj)
 .text.elapsed  0x0000000010004618       0x4c zephyr/drivers/timer/libdrivers__timer.a(cortex_m_systick.c.obj)
 .text.sys_clock_driver_init
                0x0000000010004664       0x38 zephyr/drivers/timer/libdrivers__timer.a(cortex_m_systick.c.obj)
 .text.sys_clock_isr
                0x000000001000469c       0x60 zephyr/drivers/timer/libdrivers__timer.a(cortex_m_systick.c.obj)
                0x000000001000469c                sys_clock_isr
 .text.sys_clock_set_timeout
                0x00000000100046fc       0xfc zephyr/drivers/timer/libdrivers__timer.a(cortex_m_systick.c.obj)
                0x00000000100046fc                sys_clock_set_timeout
 .text.sys_clock_elapsed
                0x00000000100047f8       0x3c zephyr/drivers/timer/libdrivers__timer.a(cortex_m_systick.c.obj)
                0x00000000100047f8                sys_clock_elapsed
 .text.sys_clock_cycle_get_32
                0x0000000010004834       0x28 zephyr/drivers/timer/libdrivers__timer.a(cortex_m_systick.c.obj)
                0x0000000010004834                sys_clock_cycle_get_32
 .text.LP_FLEXCOMM_GetInterruptStatus
                0x000000001000485c       0x10 modules/hal_nxp/libmodules__hal_nxp.a(fsl_lpflexcomm.c.obj)
                0x000000001000485c                LP_FLEXCOMM_GetInterruptStatus
 .text.LP_FLEXCOMM_GetInstance
                0x000000001000486c       0x24 modules/hal_nxp/libmodules__hal_nxp.a(fsl_lpflexcomm.c.obj)
                0x000000001000486c                LP_FLEXCOMM_GetInstance
 .text.LP_FLEXCOMM_Init
                0x0000000010004890       0xa0 modules/hal_nxp/libmodules__hal_nxp.a(fsl_lpflexcomm.c.obj)
                0x0000000010004890                LP_FLEXCOMM_Init
 .text.LPUART_Init
                0x0000000010004930      0x1e8 modules/hal_nxp/libmodules__hal_nxp.a(fsl_lpuart.c.obj)
                0x0000000010004930                LPUART_Init
 .text.LPUART_EnableInterrupts
                0x0000000010004b18       0x58 modules/hal_nxp/libmodules__hal_nxp.a(fsl_lpuart.c.obj)
                0x0000000010004b18                LPUART_EnableInterrupts
 .text.LPUART_DisableInterrupts
                0x0000000010004b70       0x60 modules/hal_nxp/libmodules__hal_nxp.a(fsl_lpuart.c.obj)
                0x0000000010004b70                LPUART_DisableInterrupts
 .text.LPUART_GetStatusFlags
                0x0000000010004bd0       0x34 modules/hal_nxp/libmodules__hal_nxp.a(fsl_lpuart.c.obj)
                0x0000000010004bd0                LPUART_GetStatusFlags
 .text.LPUART_ClearStatusFlags
                0x0000000010004c04       0x44 modules/hal_nxp/libmodules__hal_nxp.a(fsl_lpuart.c.obj)
                0x0000000010004c04                LPUART_ClearStatusFlags
 .text.SystemInit
                0x0000000010004c48       0xdc modules/hal_nxp/libmodules__hal_nxp.a(system_MCXN947_cm33_core0.c.obj)
                0x0000000010004c48                SystemInit
 .text.CLOCK_GetFro12MFreq
                0x0000000010004d24       0x1c modules/hal_nxp/libmodules__hal_nxp.a(fsl_clock.c.obj)
 .text.CLOCK_GetClk48MFreq
                0x0000000010004d40       0x1c modules/hal_nxp/libmodules__hal_nxp.a(fsl_clock.c.obj)
 .text.CLOCK_GetClk16KFreq
                0x0000000010004d5c       0x20 modules/hal_nxp/libmodules__hal_nxp.a(fsl_clock.c.obj)
 .text.CLOCK_GetExtClkFreq
                0x0000000010004d7c       0x1c modules/hal_nxp/libmodules__hal_nxp.a(fsl_clock.c.obj)
 .text.CLOCK_GetFroHfFreq
                0x0000000010004d98       0x2c modules/hal_nxp/libmodules__hal_nxp.a(fsl_clock.c.obj)
 .text.CLOCK_GetOsc32KFreq
                0x0000000010004dc4       0x28 modules/hal_nxp/libmodules__hal_nxp.a(fsl_clock.c.obj)
 .text.CLOCK_GetLposcFreq
                0x0000000010004dec       0x18 modules/hal_nxp/libmodules__hal_nxp.a(fsl_clock.c.obj)
 .text.CLOCK_SetupFROHFClocking
                0x0000000010004e04       0x68 modules/hal_nxp/libmodules__hal_nxp.a(fsl_clock.c.obj)
                0x0000000010004e04                CLOCK_SetupFROHFClocking
 .text.CLOCK_SetupExtClocking
                0x0000000010004e6c       0xec modules/hal_nxp/libmodules__hal_nxp.a(fsl_clock.c.obj)
                0x0000000010004e6c                CLOCK_SetupExtClocking
 .text.CLOCK_SetupClk16KClocking
                0x0000000010004f58       0x48 modules/hal_nxp/libmodules__hal_nxp.a(fsl_clock.c.obj)
                0x0000000010004f58                CLOCK_SetupClk16KClocking
 .text.CLOCK_SetPll0MonitorMode
                0x0000000010004fa0       0x18 modules/hal_nxp/libmodules__hal_nxp.a(fsl_clock.c.obj)
                0x0000000010004fa0                CLOCK_SetPll0MonitorMode
 .text.CLOCK_AttachClk
                0x0000000010004fb8       0x60 modules/hal_nxp/libmodules__hal_nxp.a(fsl_clock.c.obj)
                0x0000000010004fb8                CLOCK_AttachClk
 .text.CLOCK_GetPLL0InClockRate
                0x0000000010005018       0x2c modules/hal_nxp/libmodules__hal_nxp.a(fsl_clock.c.obj)
                0x0000000010005018                CLOCK_GetPLL0InClockRate
 .text.CLOCK_GetPll0OutFreq
                0x0000000010005044       0xd8 modules/hal_nxp/libmodules__hal_nxp.a(fsl_clock.c.obj)
                0x0000000010005044                CLOCK_GetPll0OutFreq
 .text.CLOCK_GetPLL1InClockRate
                0x000000001000511c       0x2c modules/hal_nxp/libmodules__hal_nxp.a(fsl_clock.c.obj)
                0x000000001000511c                CLOCK_GetPLL1InClockRate
 .text.CLOCK_GetPll1OutFreq
                0x0000000010005148       0xd8 modules/hal_nxp/libmodules__hal_nxp.a(fsl_clock.c.obj)
                0x0000000010005148                CLOCK_GetPll1OutFreq
 .text.CLOCK_GetLPFlexCommClkFreq
                0x0000000010005220       0x5c modules/hal_nxp/libmodules__hal_nxp.a(fsl_clock.c.obj)
                0x0000000010005220                CLOCK_GetLPFlexCommClkFreq
 .text.CLOCK_SetPLL0Freq
                0x000000001000527c       0xc4 modules/hal_nxp/libmodules__hal_nxp.a(fsl_clock.c.obj)
                0x000000001000527c                CLOCK_SetPLL0Freq
 .text.CLOCK_SetPLL1Freq
                0x0000000010005340       0xc4 modules/hal_nxp/libmodules__hal_nxp.a(fsl_clock.c.obj)
                0x0000000010005340                CLOCK_SetPLL1Freq
 .text.CLOCK_GetMainClkFreq
                0x0000000010005404       0x3c modules/hal_nxp/libmodules__hal_nxp.a(fsl_clock.c.obj)
                0x0000000010005404                CLOCK_GetMainClkFreq
 .text.CLOCK_GetSystickClkFreq
                0x0000000010005440       0x4c modules/hal_nxp/libmodules__hal_nxp.a(fsl_clock.c.obj)
 .text.CLOCK_GetFreq
                0x000000001000548c      0x12c modules/hal_nxp/libmodules__hal_nxp.a(fsl_clock.c.obj)
                0x000000001000548c                CLOCK_GetFreq
 .text.z_device_get_all_static
                0x00000000100055b8       0x18 zephyr/kernel/libkernel.a(device.c.obj)
                0x00000000100055b8                z_device_get_all_static
 .text.z_fatal_error
                0x00000000100055d0       0x30 zephyr/kernel/libkernel.a(fatal.c.obj)
                0x00000000100055d0                z_fatal_error
 .text.z_sys_init_run_level
                0x0000000010005600       0x48 zephyr/kernel/libkernel.a(init.c.obj)
 .text.bg_thread_main
                0x0000000010005648       0xc0 zephyr/kernel/libkernel.a(init.c.obj)
 .text.z_bss_zero
                0x0000000010005708       0x18 zephyr/kernel/libkernel.a(init.c.obj)
                0x0000000010005708                z_bss_zero
 .text.z_init_cpu
                0x0000000010005720       0x70 zephyr/kernel/libkernel.a(init.c.obj)
                0x0000000010005720                z_init_cpu
 .text.z_cstart
                0x0000000010005790       0xec zephyr/kernel/libkernel.a(init.c.obj)
                0x0000000010005790                z_cstart
 .text.z_impl_k_mutex_lock
                0x000000001000587c       0xf0 zephyr/kernel/libkernel.a(mutex.c.obj)
                0x000000001000587c                z_impl_k_mutex_lock
 .text.z_impl_k_mutex_unlock
                0x000000001000596c       0xa0 zephyr/kernel/libkernel.a(mutex.c.obj)
                0x000000001000596c                z_impl_k_mutex_unlock
 .text.z_impl_k_sem_give
                0x0000000010005a0c       0x74 zephyr/kernel/libkernel.a(sem.c.obj)
                0x0000000010005a0c                z_impl_k_sem_give
 .text.z_impl_k_thread_name_set
                0x0000000010005a80       0x20 zephyr/kernel/libkernel.a(thread.c.obj)
                0x0000000010005a80                z_impl_k_thread_name_set
 .text.k_thread_state_str
                0x0000000010005aa0       0x84 zephyr/kernel/libkernel.a(thread.c.obj)
                0x0000000010005aa0                k_thread_state_str
 .text.z_setup_new_thread
                0x0000000010005b24       0xd4 zephyr/kernel/libkernel.a(thread.c.obj)
                0x0000000010005b24                z_setup_new_thread
 .text.z_impl_k_thread_create
                0x0000000010005bf8       0x58 zephyr/kernel/libkernel.a(thread.c.obj)
                0x0000000010005bf8                z_impl_k_thread_create
 .text.z_dummy_thread_init
                0x0000000010005c50       0x1c zephyr/kernel/libkernel.a(thread.c.obj)
                0x0000000010005c50                z_dummy_thread_init
 .text.z_swap_irqlock
                0x0000000010005c6c       0x34 zephyr/kernel/libkernel.a(sched.c.obj)
 .text.ready_thread
                0x0000000010005ca0       0x84 zephyr/kernel/libkernel.a(sched.c.obj)
 .text.unready_thread
                0x0000000010005d24       0x54 zephyr/kernel/libkernel.a(sched.c.obj)
 .text.add_thread_timeout
                0x0000000010005d78       0x1c zephyr/kernel/libkernel.a(sched.c.obj)
 .text.move_thread_to_end_of_prio_q
                0x0000000010005d94       0x90 zephyr/kernel/libkernel.a(sched.c.obj)
                0x0000000010005d94                move_thread_to_end_of_prio_q
 .text.z_impl_k_thread_suspend
                0x0000000010005e24       0xf0 zephyr/kernel/libkernel.a(sched.c.obj)
                0x0000000010005e24                z_impl_k_thread_suspend
 .text.z_pend_curr
                0x0000000010005f14       0x44 zephyr/kernel/libkernel.a(sched.c.obj)
                0x0000000010005f14                z_pend_curr
 .text.z_thread_prio_set
                0x0000000010005f58       0xe4 zephyr/kernel/libkernel.a(sched.c.obj)
                0x0000000010005f58                z_thread_prio_set
 .text.z_reschedule
                0x000000001000603c       0x24 zephyr/kernel/libkernel.a(sched.c.obj)
                0x000000001000603c                z_reschedule
 .text.z_impl_k_thread_resume
                0x0000000010006060       0x3c zephyr/kernel/libkernel.a(sched.c.obj)
                0x0000000010006060                z_impl_k_thread_resume
 .text.z_reschedule_irqlock
                0x000000001000609c       0x28 zephyr/kernel/libkernel.a(sched.c.obj)
                0x000000001000609c                z_reschedule_irqlock
 .text.k_sched_lock
                0x00000000100060c4       0x28 zephyr/kernel/libkernel.a(sched.c.obj)
                0x00000000100060c4                k_sched_lock
 .text.k_sched_unlock
                0x00000000100060ec       0x68 zephyr/kernel/libkernel.a(sched.c.obj)
                0x00000000100060ec                k_sched_unlock
 .text.z_sched_init
                0x0000000010006154       0x10 zephyr/kernel/libkernel.a(sched.c.obj)
                0x0000000010006154                z_sched_init
 .text.z_impl_k_yield
                0x0000000010006164       0x88 zephyr/kernel/libkernel.a(sched.c.obj)
                0x0000000010006164                z_impl_k_yield
 .text.z_tick_sleep
                0x00000000100061ec       0x78 zephyr/kernel/libkernel.a(sched.c.obj)
 .text.z_impl_k_wakeup
                0x0000000010006264       0x48 zephyr/kernel/libkernel.a(sched.c.obj)
                0x0000000010006264                z_impl_k_wakeup
 .text.z_impl_k_sched_current_thread_query
                0x00000000100062ac        0xc zephyr/kernel/libkernel.a(sched.c.obj)
                0x00000000100062ac                z_impl_k_sched_current_thread_query
 .text.z_thread_abort
                0x00000000100062b8      0x140 zephyr/kernel/libkernel.a(sched.c.obj)
                0x00000000100062b8                z_thread_abort
 .text.z_sched_wait
                0x00000000100063f8       0x24 zephyr/kernel/libkernel.a(sched.c.obj)
                0x00000000100063f8                z_sched_wait
 .text.slice_timeout
                0x000000001000641c       0x20 zephyr/kernel/libkernel.a(timeslicing.c.obj)
 .text.thread_is_sliceable
                0x000000001000643c       0x3c zephyr/kernel/libkernel.a(timeslicing.c.obj)
                0x000000001000643c                thread_is_sliceable
 .text.z_reset_time_slice
                0x0000000010006478       0x50 zephyr/kernel/libkernel.a(timeslicing.c.obj)
                0x0000000010006478                z_reset_time_slice
 .text.z_time_slice
                0x00000000100064c8       0x60 zephyr/kernel/libkernel.a(timeslicing.c.obj)
                0x00000000100064c8                z_time_slice
 .text.z_thread_monitor_exit
                0x0000000010006528       0x3c zephyr/kernel/libkernel.a(thread_monitor.c.obj)
                0x0000000010006528                z_thread_monitor_exit
 .text.k_thread_foreach
                0x0000000010006564       0x34 zephyr/kernel/libkernel.a(thread_monitor.c.obj)
                0x0000000010006564                k_thread_foreach
 .text.k_thread_foreach_unlocked
                0x0000000010006598       0x48 zephyr/kernel/libkernel.a(thread_monitor.c.obj)
                0x0000000010006598                k_thread_foreach_unlocked
 .text.z_data_copy
                0x00000000100065e0       0x38 zephyr/kernel/libkernel.a(xip.c.obj)
                0x00000000100065e0                z_data_copy
 .text.first    0x0000000010006618       0x10 zephyr/kernel/libkernel.a(timeout.c.obj)
 .text.elapsed  0x0000000010006628       0x14 zephyr/kernel/libkernel.a(timeout.c.obj)
 .text.remove_timeout
                0x000000001000663c       0x38 zephyr/kernel/libkernel.a(timeout.c.obj)
 .text.z_add_timeout
                0x0000000010006674      0x120 zephyr/kernel/libkernel.a(timeout.c.obj)
                0x0000000010006674                z_add_timeout
 .text.sys_clock_announce
                0x0000000010006794       0xbc zephyr/kernel/libkernel.a(timeout.c.obj)
                0x0000000010006794                sys_clock_announce
 .text.sys_clock_tick_get
                0x0000000010006850       0x30 zephyr/kernel/libkernel.a(timeout.c.obj)
                0x0000000010006850                sys_clock_tick_get
 .text.clear_event_registrations
                0x0000000010006880       0x60 zephyr/kernel/libkernel.a(poll.c.obj)
 .text.z_impl_k_poll
                0x00000000100068e0       0xb0 zephyr/kernel/libkernel.a(poll.c.obj)
                0x00000000100068e0                z_impl_k_poll
 .text.z_impl_k_poll_signal_raise
                0x0000000010006990       0x50 zephyr/kernel/libkernel.a(poll.c.obj)
                0x0000000010006990                z_impl_k_poll_signal_raise
 .text.boot_banner
                0x00000000100069e0        0xc zephyr/kernel/libkernel.a(banner.c.obj)
                0x00000000100069e0                boot_banner
 .text.k_sys_work_q_init
                0x00000000100069ec       0x2c zephyr/kernel/libkernel.a(system_work_q.c.obj)
 .text.work_queue_main
                0x0000000010006a18      0x14c zephyr/kernel/libkernel.a(work.c.obj)
 .text.submit_to_queue_locked
                0x0000000010006b64       0xb8 zephyr/kernel/libkernel.a(work.c.obj)
 .text.k_work_queue_start
                0x0000000010006c1c       0x80 zephyr/kernel/libkernel.a(work.c.obj)
                0x0000000010006c1c                k_work_queue_start
 .text.snprintf
                0x0000000010006c9c       0x54 /home/las/zephyr-sdk-0.17.2/arm-zephyr-eabi/bin/../lib/gcc/../../picolibc/arm-zephyr-eabi/lib/thumb/v8-m.main/nofp/libc.a(libc_tinystdio_snprintf.c.o)
                0x0000000010006c9c                snprintf
 .text.strtoul  0x0000000010006cf0       0xcc /home/las/zephyr-sdk-0.17.2/arm-zephyr-eabi/bin/../lib/gcc/../../picolibc/arm-zephyr-eabi/lib/thumb/v8-m.main/nofp/libc.a(libc_tinystdio_strtoul.c.o)
                0x0000000010006cf0                strtoul
 .text.__l_vfprintf
                0x0000000010006dbc      0x4b4 /home/las/zephyr-sdk-0.17.2/arm-zephyr-eabi/bin/../lib/gcc/../../picolibc/arm-zephyr-eabi/lib/thumb/v8-m.main/nofp/libc.a(libc_tinystdio_vflprintf.c.o)
                0x0000000010006dbc                __l_vfprintf
 .text._OffsetAbsSyms
                0x0000000010007270        0x2 zephyr/CMakeFiles/offsets.dir/./arch/arm/core/offsets/offsets.c.obj
                0x0000000010007270                _OffsetAbsSyms
 .text.chunk_field
                0x0000000010007272       0x16 zephyr/libzephyr.a(heap.c.obj)
 .text.chunk_set
                0x0000000010007288       0x16 zephyr/libzephyr.a(heap.c.obj)
 .text.chunk_size
                0x000000001000729e        0xc zephyr/libzephyr.a(heap.c.obj)
 .text.set_chunk_used
                0x00000000100072aa       0x30 zephyr/libzephyr.a(heap.c.obj)
 .text.set_chunk_size
                0x00000000100072da        0x8 zephyr/libzephyr.a(heap.c.obj)
 .text.bucket_idx.isra.0
                0x00000000100072e2       0x1c zephyr/libzephyr.a(heap.c.obj)
 .text.free_list_add
                0x00000000100072fe       0x84 zephyr/libzephyr.a(heap.c.obj)
 .text.sys_heap_init
                0x0000000010007382       0xb0 zephyr/libzephyr.a(heap.c.obj)
                0x0000000010007382                sys_heap_init
 .text.arch_printk_char_out
                0x0000000010007432        0x4 zephyr/libzephyr.a(printk.c.obj)
                0x0000000010007432                arch_printk_char_out
 .text.printk   0x0000000010007436       0x1a zephyr/libzephyr.a(printk.c.obj)
                0x0000000010007436                printk
 .text.ring_buf_area_claim
                0x0000000010007450       0x30 zephyr/libzephyr.a(ring_buffer.c.obj)
                0x0000000010007450                ring_buf_area_claim
 .text.ring_buf_put_claim
                0x0000000010007480       0x1e zephyr/libzephyr.a(ring_buffer.c.obj)
 .text.ring_buf_get_claim
                0x000000001000749e       0x1e zephyr/libzephyr.a(ring_buffer.c.obj)
 .text.ring_buf_area_finish
                0x00000000100074bc       0x32 zephyr/libzephyr.a(ring_buffer.c.obj)
                0x00000000100074bc                ring_buf_area_finish
 .text.ring_buf_put
                0x00000000100074ee       0x40 zephyr/libzephyr.a(ring_buffer.c.obj)
                0x00000000100074ee                ring_buf_put
 .text.ring_buf_get
                0x000000001000752e       0x44 zephyr/libzephyr.a(ring_buffer.c.obj)
                0x000000001000752e                ring_buf_get
 .text._ConfigAbsSyms
                0x0000000010007572        0x2 zephyr/libzephyr.a(configs.c.obj)
                0x0000000010007572                _ConfigAbsSyms
 .text.soc_reset_hook
                0x0000000010007574        0x4 zephyr/libzephyr.a(soc.c.obj)
                0x0000000010007574                soc_reset_hook
 .text.thread_valid_cb
                0x0000000010007578        0xc zephyr/libzephyr.a(thread.c.obj)
 .text.uart_irq_tx_disable
                0x0000000010007584        0xa zephyr/libzephyr.a(shell_uart.c.obj)
 .text.enable   0x000000001000758e       0x12 zephyr/libzephyr.a(shell_uart.c.obj)
 .text.read_uart
                0x00000000100075a0       0x12 zephyr/libzephyr.a(shell_uart.c.obj)
 .text.uninit   0x00000000100075b2       0x20 zephyr/libzephyr.a(shell_uart.c.obj)
 .text.write_uart
                0x00000000100075d2       0x64 zephyr/libzephyr.a(shell_uart.c.obj)
 .text.uart_callback
                0x0000000010007636      0x112 zephyr/libzephyr.a(shell_uart.c.obj)
 .text.cmd_buffer_clear
                0x0000000010007748       0x16 zephyr/libzephyr.a(shell.c.obj)
 .text.atomic_or
                0x000000001000775e       0x16 zephyr/libzephyr.a(shell.c.obj)
 .text.atomic_and
                0x0000000010007774       0x16 zephyr/libzephyr.a(shell.c.obj)
 .text.k_mutex_lock
                0x000000001000778a        0x4 zephyr/libzephyr.a(shell.c.obj)
 .text.shell_signal_handle
                0x000000001000778e       0x2c zephyr/libzephyr.a(shell.c.obj)
 .text.z_shell_raw_fprintf
                0x00000000100077ba       0x1a zephyr/libzephyr.a(shell.c.obj)
 .text.z_shell_strlen
                0x00000000100077d4        0xc zephyr/libzephyr.a(shell.c.obj)
 .text.transport_evt_handler
                0x00000000100077e0       0x14 zephyr/libzephyr.a(shell.c.obj)
 .text.z_flag_cmd_ctx_set.isra.0
                0x00000000100077f4       0x16 zephyr/libzephyr.a(shell.c.obj)
 .text.z_flag_history_exit_set.isra.0
                0x000000001000780a       0x14 zephyr/libzephyr.a(shell.c.obj)
 .text.z_flag_insert_mode_set.isra.0
                0x000000001000781e       0x1e zephyr/libzephyr.a(shell.c.obj)
 .text.k_mutex_unlock.isra.0
                0x000000001000783c        0x4 zephyr/libzephyr.a(shell.c.obj)
 .text.shell_start
                0x0000000010007840       0x52 zephyr/libzephyr.a(shell.c.obj)
                0x0000000010007840                shell_start
 .text.shell_vfprintf
                0x0000000010007892       0x8c zephyr/libzephyr.a(shell.c.obj)
                0x0000000010007892                shell_vfprintf
 .text.shell_fprintf_impl
                0x000000001000791e       0x1a zephyr/libzephyr.a(shell.c.obj)
                0x000000001000791e                shell_fprintf_impl
 .text.shell_fprintf_normal
                0x0000000010007938       0x1c zephyr/libzephyr.a(shell.c.obj)
                0x0000000010007938                shell_fprintf_normal
 .text.shell_fprintf_warn
                0x0000000010007954       0x1c zephyr/libzephyr.a(shell.c.obj)
                0x0000000010007954                shell_fprintf_warn
 .text.shell_fprintf_error
                0x0000000010007970       0x1c zephyr/libzephyr.a(shell.c.obj)
                0x0000000010007970                shell_fprintf_error
 .text.shell_prompt_change
                0x000000001000798c       0x5c zephyr/libzephyr.a(shell.c.obj)
                0x000000001000798c                shell_prompt_change
 .text.shell_get_return_value
                0x00000000100079e8       0x10 zephyr/libzephyr.a(shell.c.obj)
                0x00000000100079e8                shell_get_return_value
 .text.shell_set_bypass
                0x00000000100079f8        0xc zephyr/libzephyr.a(shell.c.obj)
                0x00000000100079f8                shell_set_bypass
 .text.z_shell_fprintf_buffer_flush
                0x0000000010007a04       0x18 zephyr/libzephyr.a(shell_fprintf.c.obj)
                0x0000000010007a04                z_shell_fprintf_buffer_flush
 .text.out_func
                0x0000000010007a1c       0x3c zephyr/libzephyr.a(shell_fprintf.c.obj)
 .text.z_shell_strlen
                0x0000000010007a58        0xc zephyr/libzephyr.a(shell_utils.c.obj)
 .text.z_column_span_with_buffer_offsets_get
                0x0000000010007a64       0x1e zephyr/libzephyr.a(shell_utils.c.obj)
                0x0000000010007a64                z_column_span_with_buffer_offsets_get
 .text.z_row_span_with_buffer_offsets_get
                0x0000000010007a82       0x16 zephyr/libzephyr.a(shell_utils.c.obj)
                0x0000000010007a82                z_row_span_with_buffer_offsets_get
 .text.z_shell_multiline_data_calc
                0x0000000010007a98       0x2c zephyr/libzephyr.a(shell_utils.c.obj)
                0x0000000010007a98                z_shell_multiline_data_calc
 .text.z_shell_make_argv
                0x0000000010007ac4      0x1a0 zephyr/libzephyr.a(shell_utils.c.obj)
                0x0000000010007ac4                z_shell_make_argv
 .text.z_shell_pattern_remove
                0x0000000010007c64       0x4e zephyr/libzephyr.a(shell_utils.c.obj)
                0x0000000010007c64                z_shell_pattern_remove
 .text.z_shell_find_cmd
                0x0000000010007cb2       0x56 zephyr/libzephyr.a(shell_utils.c.obj)
                0x0000000010007cb2                z_shell_find_cmd
 .text.z_shell_get_last_command
                0x0000000010007d08       0x5c zephyr/libzephyr.a(shell_utils.c.obj)
                0x0000000010007d08                z_shell_get_last_command
 .text.z_shell_spaces_trim
                0x0000000010007d64       0x60 zephyr/libzephyr.a(shell_utils.c.obj)
                0x0000000010007d64                z_shell_spaces_trim
 .text.z_shell_cmd_trim
                0x0000000010007dc4       0x76 zephyr/libzephyr.a(shell_utils.c.obj)
                0x0000000010007dc4                z_shell_cmd_trim
 .text.z_shell_raw_fprintf
                0x0000000010007e3a       0x1a zephyr/libzephyr.a(shell_ops.c.obj)
 .text.full_line_cmd.isra.0
                0x0000000010007e54       0x24 zephyr/libzephyr.a(shell_ops.c.obj)
 .text.z_shell_cursor_in_empty_line
                0x0000000010007e78       0x2e zephyr/libzephyr.a(shell_ops.c.obj)
                0x0000000010007e78                z_shell_cursor_in_empty_line
 .text.z_shell_op_cond_next_line
                0x0000000010007ea6       0x1e zephyr/libzephyr.a(shell_ops.c.obj)
                0x0000000010007ea6                z_shell_op_cond_next_line
 .text.z_shell_op_cursor_position_synchronize
                0x0000000010007ec4       0x4a zephyr/libzephyr.a(shell_ops.c.obj)
                0x0000000010007ec4                z_shell_op_cursor_position_synchronize
 .text.z_shell_op_cursor_move
                0x0000000010007f0e       0x52 zephyr/libzephyr.a(shell_ops.c.obj)
                0x0000000010007f0e                z_shell_op_cursor_move
 .text.z_shell_op_cursor_word_move
                0x0000000010007f60       0x7c zephyr/libzephyr.a(shell_ops.c.obj)
                0x0000000010007f60                z_shell_op_cursor_word_move
 .text.z_shell_op_cursor_home_move
                0x0000000010007fdc        0xe zephyr/libzephyr.a(shell_ops.c.obj)
                0x0000000010007fdc                z_shell_op_cursor_home_move
 .text.z_shell_op_cursor_end_move
                0x0000000010007fea       0x12 zephyr/libzephyr.a(shell_ops.c.obj)
                0x0000000010007fea                z_shell_op_cursor_end_move
 .text.z_shell_op_left_arrow
                0x0000000010007ffc       0x12 zephyr/libzephyr.a(shell_ops.c.obj)
                0x0000000010007ffc                z_shell_op_left_arrow
 .text.z_shell_op_right_arrow
                0x000000001000800e       0x16 zephyr/libzephyr.a(shell_ops.c.obj)
                0x000000001000800e                z_shell_op_right_arrow
 .text.z_shell_op_delete_from_cursor
                0x0000000010008024       0x1c zephyr/libzephyr.a(shell_ops.c.obj)
                0x0000000010008024                z_shell_op_delete_from_cursor
 .text.z_shell_cmd_line_erase
                0x0000000010008040       0x38 zephyr/libzephyr.a(shell_ops.c.obj)
                0x0000000010008040                z_shell_cmd_line_erase
 .text.z_shell_write
                0x0000000010008078       0x80 zephyr/libzephyr.a(shell_ops.c.obj)
                0x0000000010008078                z_shell_write
 .text.z_shell_print_stream
                0x00000000100080f8        0x4 zephyr/libzephyr.a(shell_ops.c.obj)
                0x00000000100080f8                z_shell_print_stream
 .text.z_shell_vfprintf
                0x00000000100080fc       0x4a zephyr/libzephyr.a(shell_ops.c.obj)
                0x00000000100080fc                z_shell_vfprintf
 .text.z_shell_fprintf
                0x0000000010008146       0x1a zephyr/libzephyr.a(shell_ops.c.obj)
                0x0000000010008146                z_shell_fprintf
 .text.data_insert
                0x0000000010008160       0x74 zephyr/libzephyr.a(shell_ops.c.obj)
 .text.z_shell_op_completion_insert
                0x00000000100081d4        0x4 zephyr/libzephyr.a(shell_ops.c.obj)
                0x00000000100081d4                z_shell_op_completion_insert
 .text.z_shell_op_char_delete
                0x00000000100081d8       0x3e zephyr/libzephyr.a(shell_ops.c.obj)
                0x00000000100081d8                z_shell_op_char_delete
 .text.z_shell_op_char_backspace
                0x0000000010008216       0x26 zephyr/libzephyr.a(shell_ops.c.obj)
                0x0000000010008216                z_shell_op_char_backspace
 .text.z_shell_backend_rx_buffer_flush
                0x000000001000823c       0x2a zephyr/libzephyr.a(shell_ops.c.obj)
                0x000000001000823c                z_shell_backend_rx_buffer_flush
 .text.z_shell_raw_fprintf
                0x0000000010008266       0x1a zephyr/libzephyr.a(shell_help.c.obj)
 .text.formatted_text_print.constprop.0
                0x0000000010008280       0xd4 zephyr/libzephyr.a(shell_help.c.obj)
 .text.cmd_comment
                0x0000000010008354        0x4 zephyr/libzephyr.a(shell_cmds.c.obj)
 .text.cmd_shell_stats_reset
                0x0000000010008358        0x8 zephyr/libzephyr.a(shell_cmds.c.obj)
 .text.z_shell_raw_fprintf
                0x0000000010008360       0x1a zephyr/libzephyr.a(shell_cmds.c.obj)
 .text.cmd_prompt_on
                0x000000001000837a        0xc zephyr/libzephyr.a(shell_cmds.c.obj)
 .text.cmd_vt100_off
                0x0000000010008386       0x1a zephyr/libzephyr.a(shell_cmds.c.obj)
 .text.cmd_bacskpace_mode_delete
                0x00000000100083a0       0x1a zephyr/libzephyr.a(shell_cmds.c.obj)
 .text.cmd_colors_off
                0x00000000100083ba       0x1a zephyr/libzephyr.a(shell_cmds.c.obj)
 .text.cmd_bacskpace_mode_backspace
                0x00000000100083d4       0x1a zephyr/libzephyr.a(shell_cmds.c.obj)
 .text.cmd_echo_off
                0x00000000100083ee       0x1a zephyr/libzephyr.a(shell_cmds.c.obj)
 .text.cmd_colors_on
                0x0000000010008408       0x1a zephyr/libzephyr.a(shell_cmds.c.obj)
 .text.cmd_vt100_on
                0x0000000010008422       0x1a zephyr/libzephyr.a(shell_cmds.c.obj)
 .text.cmd_echo_on
                0x000000001000843c       0x1a zephyr/libzephyr.a(shell_cmds.c.obj)
 .text.remove_from_tail.part.0
                0x0000000010008456       0x24 zephyr/libzephyr.a(shell_history.c.obj)
 .text.z_shell_history_mode_exit
                0x000000001000847a        0x6 zephyr/libzephyr.a(shell_history.c.obj)
                0x000000001000847a                z_shell_history_mode_exit
 .text.z_shell_history_get
                0x0000000010008480       0x56 zephyr/libzephyr.a(shell_history.c.obj)
                0x0000000010008480                z_shell_history_get
 .text.z_shell_history_purge
                0x00000000100084d6       0x18 zephyr/libzephyr.a(shell_history.c.obj)
                0x00000000100084d6                z_shell_history_purge
 .text.z_shell_history_put
                0x00000000100084ee       0xf0 zephyr/libzephyr.a(shell_history.c.obj)
                0x00000000100084ee                z_shell_history_put
 .text.z_shell_history_init
                0x00000000100085de        0xc zephyr/libzephyr.a(shell_history.c.obj)
                0x00000000100085de                z_shell_history_init
 .text.z_shell_has_wildcard
                0x00000000100085ea       0x28 zephyr/libzephyr.a(shell_wildcard.c.obj)
                0x00000000100085ea                z_shell_has_wildcard
 .text.z_shell_wildcard_prepare
                0x0000000010008612       0x42 zephyr/libzephyr.a(shell_wildcard.c.obj)
                0x0000000010008612                z_shell_wildcard_prepare
 .text.z_shell_wildcard_finalize
                0x0000000010008654       0x20 zephyr/libzephyr.a(shell_wildcard.c.obj)
                0x0000000010008654                z_shell_wildcard_finalize
 .text.z_arm_fatal_error
                0x0000000010008674        0xc zephyr/arch/arch/arm/core/libarch__arm__core.a(fatal.c.obj)
                0x0000000010008674                z_arm_fatal_error
 .text.z_do_kernel_oops
                0x0000000010008680        0x8 zephyr/arch/arch/arm/core/libarch__arm__core.a(fatal.c.obj)
                0x0000000010008680                z_do_kernel_oops
 .text.z_arm_nmi
                0x0000000010008688        0xe zephyr/arch/arch/arm/core/libarch__arm__core.a(nmi.c.obj)
                0x0000000010008688                z_arm_nmi
 .text.z_irq_spurious
                0x0000000010008696        0x8 zephyr/arch/arch/arm/core/cortex_m/libarch__arm__core__cortex_m.a(irq_manage.c.obj)
                0x0000000010008696                z_irq_spurious
 .text.configure_builtin_stack_guard
                0x000000001000869e        0xa zephyr/arch/arch/arm/core/cortex_m/libarch__arm__core__cortex_m.a(thread.c.obj)
                0x000000001000869e                configure_builtin_stack_guard
 .text.arch_irq_unlock_outlined
                0x00000000100086a8        0xe zephyr/arch/arch/arm/core/cortex_m/libarch__arm__core__cortex_m.a(thread.c.obj)
                0x00000000100086a8                arch_irq_unlock_outlined
 .text.arch_cpu_idle
                0x00000000100086b6       0x1a zephyr/arch/arch/arm/core/cortex_m/libarch__arm__core__cortex_m.a(cpu_idle.c.obj)
                0x00000000100086b6                arch_cpu_idle
 .text.arm_cmse_mpu_region_get
                0x00000000100086d0       0x12 zephyr/arch/arch/arm/core/cortex_m/cmse/libarch__arm__core__cortex_m__cmse.a(arm_core_cmse.c.obj)
                0x00000000100086d0                arm_cmse_mpu_region_get
 .text.mpu_configure_region
                0x00000000100086e2       0x32 zephyr/arch/arch/arm/core/mpu/libarch__arm__core__mpu.a(arm_mpu.c.obj)
 .text.cbputc   0x0000000010008714        0xc zephyr/lib/libc/picolibc/liblib__libc__picolibc.a(cbprintf.c.obj)
 .text.picolibc_put
                0x0000000010008720        0xa zephyr/lib/libc/picolibc/liblib__libc__picolibc.a(stdio.c.obj)
 .text.foldcase
                0x000000001000872a       0x10 zephyr/lib/posix/options/liblib__posix__options.a(fnmatch.c.obj)
 .text.fnmatchx
                0x000000001000873a      0x268 zephyr/lib/posix/options/liblib__posix__options.a(fnmatch.c.obj)
 .text.fnmatch  0x00000000100089a2        0x6 zephyr/lib/posix/options/liblib__posix__options.a(fnmatch.c.obj)
                0x00000000100089a2                fnmatch
 .text.mcux_lpc_syscon_clock_control_off
                0x00000000100089a8        0x4 zephyr/drivers/clock_control/libdrivers__clock_control.a(clock_control_mcux_syscon.c.obj)
 .text.mcux_lpc_syscon_clock_control_set_subsys_rate
                0x00000000100089ac        0x6 zephyr/drivers/clock_control/libdrivers__clock_control.a(clock_control_mcux_syscon.c.obj)
 .text.mcux_lpc_syscon_clock_control_configure
                0x00000000100089b2        0x4 zephyr/drivers/clock_control/libdrivers__clock_control.a(clock_control_mcux_syscon.c.obj)
 .text.mcux_lpc_syscon_clock_control_get_subsys_rate
                0x00000000100089b6       0x9c zephyr/drivers/clock_control/libdrivers__clock_control.a(clock_control_mcux_syscon.c.obj)
 .text.mcux_lpc_syscon_clock_control_on
                0x0000000010008a52       0x4c zephyr/drivers/clock_control/libdrivers__clock_control.a(clock_control_mcux_syscon.c.obj)
 .text.gpio_mcux_port_configure
                0x0000000010008a9e       0xa0 zephyr/drivers/gpio/libdrivers__gpio.a(gpio_mcux.c.obj)
 .text.gpio_mcux_port_get_raw
                0x0000000010008b3e        0xc zephyr/drivers/gpio/libdrivers__gpio.a(gpio_mcux.c.obj)
 .text.gpio_mcux_port_set_masked_raw
                0x0000000010008b4a       0x12 zephyr/drivers/gpio/libdrivers__gpio.a(gpio_mcux.c.obj)
 .text.gpio_mcux_port_set_bits_raw
                0x0000000010008b5c        0xa zephyr/drivers/gpio/libdrivers__gpio.a(gpio_mcux.c.obj)
 .text.gpio_mcux_port_clear_bits_raw
                0x0000000010008b66        0xa zephyr/drivers/gpio/libdrivers__gpio.a(gpio_mcux.c.obj)
 .text.gpio_mcux_port_toggle_bits
                0x0000000010008b70        0xa zephyr/drivers/gpio/libdrivers__gpio.a(gpio_mcux.c.obj)
 .text.gpio_mcux_manage_callback
                0x0000000010008b7a       0x52 zephyr/drivers/gpio/libdrivers__gpio.a(gpio_mcux.c.obj)
 .text.gpio_mcux_port0_init
                0x0000000010008bcc       0x16 zephyr/drivers/gpio/libdrivers__gpio.a(gpio_mcux.c.obj)
 .text.gpio_mcux_port1_init
                0x0000000010008be2       0x16 zephyr/drivers/gpio/libdrivers__gpio.a(gpio_mcux.c.obj)
 .text.gpio_mcux_port2_init
                0x0000000010008bf8       0x16 zephyr/drivers/gpio/libdrivers__gpio.a(gpio_mcux.c.obj)
 .text.gpio_mcux_port3_init
                0x0000000010008c0e       0x16 zephyr/drivers/gpio/libdrivers__gpio.a(gpio_mcux.c.obj)
 .text.gpio_mcux_pin_interrupt_configure
                0x0000000010008c24       0x7a zephyr/drivers/gpio/libdrivers__gpio.a(gpio_mcux.c.obj)
 .text.gpio_mcux_port_isr
                0x0000000010008c9e       0x36 zephyr/drivers/gpio/libdrivers__gpio.a(gpio_mcux.c.obj)
 .text.nxp_lp_flexcomm_isr
                0x0000000010008cd4       0x44 zephyr/drivers/mfd/libdrivers__mfd.a(mfd_nxp_lp_flexcomm.c.obj)
                0x0000000010008cd4                nxp_lp_flexcomm_isr
 .text.nxp_lp_flexcomm_init
                0x0000000010008d18       0x7a zephyr/drivers/mfd/libdrivers__mfd.a(mfd_nxp_lp_flexcomm.c.obj)
 .text.nxp_lp_flexcomm_config_func_0
                0x0000000010008d92       0x16 zephyr/drivers/mfd/libdrivers__mfd.a(mfd_nxp_lp_flexcomm.c.obj)
 .text.nxp_lp_flexcomm_config_func_1
                0x0000000010008da8       0x16 zephyr/drivers/mfd/libdrivers__mfd.a(mfd_nxp_lp_flexcomm.c.obj)
 .text.nxp_lp_flexcomm_config_func_2
                0x0000000010008dbe       0x16 zephyr/drivers/mfd/libdrivers__mfd.a(mfd_nxp_lp_flexcomm.c.obj)
 .text.nxp_lp_flexcomm_config_func_3
                0x0000000010008dd4       0x16 zephyr/drivers/mfd/libdrivers__mfd.a(mfd_nxp_lp_flexcomm.c.obj)
 .text.nxp_lp_flexcomm_setirqhandler
                0x0000000010008dea       0x12 zephyr/drivers/mfd/libdrivers__mfd.a(mfd_nxp_lp_flexcomm.c.obj)
                0x0000000010008dea                nxp_lp_flexcomm_setirqhandler
 .text.pinctrl_lookup_state
                0x0000000010008dfc       0x26 zephyr/drivers/pinctrl/libdrivers__pinctrl.a(common.c.obj)
                0x0000000010008dfc                pinctrl_lookup_state
 .text.pinctrl_mcux_init
                0x0000000010008e22       0x26 zephyr/drivers/pinctrl/libdrivers__pinctrl.a(pinctrl_nxp_port.c.obj)
 .text.mcux_lpuart_irq_update
                0x0000000010008e48        0x4 zephyr/drivers/serial/libdrivers__serial.a(uart_mcux_lpuart.c.obj)
 .text.mcux_lpuart_irq_callback_set
                0x0000000010008e4c        0x8 zephyr/drivers/serial/libdrivers__serial.a(uart_mcux_lpuart.c.obj)
 .text.mcux_lpuart_config_get
                0x0000000010008e54       0x10 zephyr/drivers/serial/libdrivers__serial.a(uart_mcux_lpuart.c.obj)
 .text.mcux_lpuart_irq_err_disable
                0x0000000010008e64        0xc zephyr/drivers/serial/libdrivers__serial.a(uart_mcux_lpuart.c.obj)
 .text.mcux_lpuart_irq_rx_disable
                0x0000000010008e70        0xc zephyr/drivers/serial/libdrivers__serial.a(uart_mcux_lpuart.c.obj)
 .text.mcux_lpuart_irq_tx_disable
                0x0000000010008e7c        0xc zephyr/drivers/serial/libdrivers__serial.a(uart_mcux_lpuart.c.obj)
 .text.mcux_lpuart_irq_err_enable
                0x0000000010008e88        0xc zephyr/drivers/serial/libdrivers__serial.a(uart_mcux_lpuart.c.obj)
 .text.mcux_lpuart_irq_rx_enable
                0x0000000010008e94        0xc zephyr/drivers/serial/libdrivers__serial.a(uart_mcux_lpuart.c.obj)
 .text.mcux_lpuart_irq_tx_enable
                0x0000000010008ea0        0xc zephyr/drivers/serial/libdrivers__serial.a(uart_mcux_lpuart.c.obj)
 .text.mcux_lpuart_irq_rx_full
                0x0000000010008eac       0x10 zephyr/drivers/serial/libdrivers__serial.a(uart_mcux_lpuart.c.obj)
 .text.mcux_lpuart_irq_tx_complete
                0x0000000010008ebc       0x10 zephyr/drivers/serial/libdrivers__serial.a(uart_mcux_lpuart.c.obj)
 .text.mcux_lpuart_irq_tx_ready
                0x0000000010008ecc       0x1e zephyr/drivers/serial/libdrivers__serial.a(uart_mcux_lpuart.c.obj)
 .text.mcux_lpuart_irq_is_pending
                0x0000000010008eea       0x2c zephyr/drivers/serial/libdrivers__serial.a(uart_mcux_lpuart.c.obj)
 .text.mcux_lpuart_fifo_read
                0x0000000010008f16       0x48 zephyr/drivers/serial/libdrivers__serial.a(uart_mcux_lpuart.c.obj)
 .text.mcux_lpuart_fifo_fill
                0x0000000010008f5e       0x28 zephyr/drivers/serial/libdrivers__serial.a(uart_mcux_lpuart.c.obj)
 .text.mcux_lpuart_poll_out
                0x0000000010008f86       0x2c zephyr/drivers/serial/libdrivers__serial.a(uart_mcux_lpuart.c.obj)
 .text.mcux_lpuart_err_check
                0x0000000010008fb2       0x34 zephyr/drivers/serial/libdrivers__serial.a(uart_mcux_lpuart.c.obj)
 .text.mcux_lpuart_isr
                0x0000000010008fe6       0x2e zephyr/drivers/serial/libdrivers__serial.a(uart_mcux_lpuart.c.obj)
 .text.pinctrl_apply_state
                0x0000000010009014       0x1e zephyr/drivers/serial/libdrivers__serial.a(uart_mcux_lpuart.c.obj)
 .text.mcux_lpuart_config_pinctrl.isra.0
                0x0000000010009032       0x20 zephyr/drivers/serial/libdrivers__serial.a(uart_mcux_lpuart.c.obj)
 .text.mcux_lpuart_configure_init
                0x0000000010009052      0x154 zephyr/drivers/serial/libdrivers__serial.a(uart_mcux_lpuart.c.obj)
 .text.mcux_lpuart_init
                0x00000000100091a6       0x38 zephyr/drivers/serial/libdrivers__serial.a(uart_mcux_lpuart.c.obj)
 .text.mcux_lpuart_configure
                0x00000000100091de       0x30 zephyr/drivers/serial/libdrivers__serial.a(uart_mcux_lpuart.c.obj)
 .text.mcux_lpuart_poll_in
                0x000000001000920e       0x40 zephyr/drivers/serial/libdrivers__serial.a(uart_mcux_lpuart.c.obj)
 .text.SPC_SetSRAMOperateVoltage
                0x000000001000924e       0x24 modules/hal_nxp/libmodules__hal_nxp.a(fsl_spc.c.obj)
                0x000000001000924e                SPC_SetSRAMOperateVoltage
 .text.SPC_SetActiveModeCoreLDORegulatorVoltageLevel
                0x0000000010009272       0x38 modules/hal_nxp/libmodules__hal_nxp.a(fsl_spc.c.obj)
                0x0000000010009272                SPC_SetActiveModeCoreLDORegulatorVoltageLevel
 .text.SPC_SetActiveModeCoreLDORegulatorDriveStrength
                0x00000000100092aa       0x3c modules/hal_nxp/libmodules__hal_nxp.a(fsl_spc.c.obj)
                0x00000000100092aa                SPC_SetActiveModeCoreLDORegulatorDriveStrength
 .text.SPC_SetActiveModeCoreLDORegulatorConfig
                0x00000000100092e6       0x60 modules/hal_nxp/libmodules__hal_nxp.a(fsl_spc.c.obj)
                0x00000000100092e6                SPC_SetActiveModeCoreLDORegulatorConfig
 .text.SPC_SetActiveModeDCDCRegulatorDriveStrength
                0x0000000010009346       0x2c modules/hal_nxp/libmodules__hal_nxp.a(fsl_spc.c.obj)
                0x0000000010009346                SPC_SetActiveModeDCDCRegulatorDriveStrength
 .text.SPC_SetActiveModeDCDCRegulatorConfig
                0x0000000010009372       0x38 modules/hal_nxp/libmodules__hal_nxp.a(fsl_spc.c.obj)
                0x0000000010009372                SPC_SetActiveModeDCDCRegulatorConfig
 .text.LPUART_Deinit
                0x00000000100093aa       0x20 modules/hal_nxp/libmodules__hal_nxp.a(fsl_lpuart.c.obj)
                0x00000000100093aa                LPUART_Deinit
 .text.LPUART_GetDefaultConfig
                0x00000000100093ca       0x16 modules/hal_nxp/libmodules__hal_nxp.a(fsl_lpuart.c.obj)
                0x00000000100093ca                LPUART_GetDefaultConfig
 .text.LPUART_GetEnabledInterrupts
                0x00000000100093e0       0x44 modules/hal_nxp/libmodules__hal_nxp.a(fsl_lpuart.c.obj)
                0x00000000100093e0                LPUART_GetEnabledInterrupts
 .text.SystemInitHook
                0x0000000010009424        0x2 modules/hal_nxp/libmodules__hal_nxp.a(system_MCXN947_cm33_core0.c.obj)
                0x0000000010009424                SystemInitHook
 .text.CLOCK_SetClkDiv
                0x0000000010009426       0x22 modules/hal_nxp/libmodules__hal_nxp.a(fsl_clock.c.obj)
                0x0000000010009426                CLOCK_SetClkDiv
 .text.CLOCK_GetPllClkDivFreq
                0x0000000010009448       0x3c modules/hal_nxp/libmodules__hal_nxp.a(fsl_clock.c.obj)
                0x0000000010009448                CLOCK_GetPllClkDivFreq
 .text.CLOCK_GetUsdhcClkFreq
                0x0000000010009484       0x58 modules/hal_nxp/libmodules__hal_nxp.a(fsl_clock.c.obj)
                0x0000000010009484                CLOCK_GetUsdhcClkFreq
 .text.CLOCK_GetCoreSysClkFreq
                0x00000000100094dc       0x18 modules/hal_nxp/libmodules__hal_nxp.a(fsl_clock.c.obj)
                0x00000000100094dc                CLOCK_GetCoreSysClkFreq
 .text.RESET_SetPeripheralReset
                0x00000000100094f4       0x24 modules/hal_nxp/libmodules__hal_nxp.a(fsl_reset.c.obj)
                0x00000000100094f4                RESET_SetPeripheralReset
 .text.RESET_ClearPeripheralReset
                0x0000000010009518       0x26 modules/hal_nxp/libmodules__hal_nxp.a(fsl_reset.c.obj)
                0x0000000010009518                RESET_ClearPeripheralReset
 .text.RESET_PeripheralReset
                0x000000001000953e       0x12 modules/hal_nxp/libmodules__hal_nxp.a(fsl_reset.c.obj)
                0x000000001000953e                RESET_PeripheralReset
 .text.z_impl_k_busy_wait
                0x0000000010009550       0x1c zephyr/kernel/libkernel.a(busy_wait.c.obj)
                0x0000000010009550                z_impl_k_busy_wait
 .text.z_device_state_init
                0x000000001000956c        0x2 zephyr/kernel/libkernel.a(device.c.obj)
                0x000000001000956c                z_device_state_init
 .text.z_impl_device_is_ready
                0x000000001000956e       0x16 zephyr/kernel/libkernel.a(device.c.obj)
                0x000000001000956e                z_impl_device_is_ready
 .text.arch_system_halt
                0x0000000010009584       0x10 zephyr/kernel/libkernel.a(fatal.c.obj)
                0x0000000010009584                arch_system_halt
 .text.k_sys_fatal_error_handler
                0x0000000010009594        0x6 zephyr/kernel/libkernel.a(fatal.c.obj)
                0x0000000010009594                k_sys_fatal_error_handler
 .text.do_device_init
                0x000000001000959a       0x2e zephyr/kernel/libkernel.a(init.c.obj)
 .text.z_early_memset
                0x00000000100095c8        0x4 zephyr/kernel/libkernel.a(init.c.obj)
                0x00000000100095c8                z_early_memset
 .text.z_early_memcpy
                0x00000000100095cc        0x4 zephyr/kernel/libkernel.a(init.c.obj)
                0x00000000100095cc                z_early_memcpy
 .text.idle     0x00000000100095d0       0x16 zephyr/kernel/libkernel.a(idle.c.obj)
                0x00000000100095d0                idle
 .text.adjust_owner_prio.isra.0
                0x00000000100095e6       0x10 zephyr/kernel/libkernel.a(mutex.c.obj)
 .text.z_impl_k_mutex_init
                0x00000000100095f6        0xe zephyr/kernel/libkernel.a(mutex.c.obj)
                0x00000000100095f6                z_impl_k_mutex_init
 .text.k_is_in_isr
                0x0000000010009604        0xc zephyr/kernel/libkernel.a(thread.c.obj)
                0x0000000010009604                k_is_in_isr
 .text.k_thread_name_get
                0x0000000010009610        0x4 zephyr/kernel/libkernel.a(thread.c.obj)
                0x0000000010009610                k_thread_name_get
 .text.z_stack_space_get
                0x0000000010009614       0x18 zephyr/kernel/libkernel.a(thread.c.obj)
                0x0000000010009614                z_stack_space_get
 .text.z_impl_k_thread_stack_space_get
                0x000000001000962c        0xa zephyr/kernel/libkernel.a(thread.c.obj)
                0x000000001000962c                z_impl_k_thread_stack_space_get
 .text.sys_dlist_remove
                0x0000000010009636       0x10 zephyr/kernel/libkernel.a(sched.c.obj)
 .text.unpend_thread_no_timeout
                0x0000000010009646       0x14 zephyr/kernel/libkernel.a(sched.c.obj)
 .text.add_to_waitq_locked
                0x000000001000965a       0x50 zephyr/kernel/libkernel.a(sched.c.obj)
 .text.z_ready_thread
                0x00000000100096aa       0x1e zephyr/kernel/libkernel.a(sched.c.obj)
                0x00000000100096aa                z_ready_thread
 .text.z_unpend_thread_no_timeout
                0x00000000100096c8       0x22 zephyr/kernel/libkernel.a(sched.c.obj)
                0x00000000100096c8                z_unpend_thread_no_timeout
 .text.z_sched_wake_thread
                0x00000000100096ea       0x3a zephyr/kernel/libkernel.a(sched.c.obj)
                0x00000000100096ea                z_sched_wake_thread
 .text.z_thread_timeout
                0x0000000010009724        0x8 zephyr/kernel/libkernel.a(sched.c.obj)
                0x0000000010009724                z_thread_timeout
 .text.z_unpend1_no_timeout
                0x000000001000972c       0x2c zephyr/kernel/libkernel.a(sched.c.obj)
                0x000000001000972c                z_unpend1_no_timeout
 .text.z_unpend_thread
                0x0000000010009758       0x10 zephyr/kernel/libkernel.a(sched.c.obj)
                0x0000000010009758                z_unpend_thread
 .text.z_impl_k_sleep
                0x0000000010009768       0x50 zephyr/kernel/libkernel.a(sched.c.obj)
                0x0000000010009768                z_impl_k_sleep
 .text.z_sched_wake
                0x00000000100097b8       0x46 zephyr/kernel/libkernel.a(sched.c.obj)
                0x00000000100097b8                z_sched_wake
 .text.next_timeout
                0x00000000100097fe       0x2e zephyr/kernel/libkernel.a(timeout.c.obj)
 .text.z_abort_timeout
                0x000000001000982c       0x50 zephyr/kernel/libkernel.a(timeout.c.obj)
                0x000000001000982c                z_abort_timeout
 .text.sys_clock_tick_get_32
                0x000000001000987c        0x8 zephyr/kernel/libkernel.a(timeout.c.obj)
                0x000000001000987c                sys_clock_tick_get_32
 .text.z_impl_k_uptime_ticks
                0x0000000010009884        0x4 zephyr/kernel/libkernel.a(timeout.c.obj)
                0x0000000010009884                z_impl_k_uptime_ticks
 .text.z_impl_k_timer_stop
                0x0000000010009888       0x38 zephyr/kernel/libkernel.a(timer.c.obj)
                0x0000000010009888                z_impl_k_timer_stop
 .text.add_event
                0x00000000100098c0       0x54 zephyr/kernel/libkernel.a(poll.c.obj)
 .text.register_events
                0x0000000010009914      0x106 zephyr/kernel/libkernel.a(poll.c.obj)
 .text.signal_poll_event
                0x0000000010009a1a       0x86 zephyr/kernel/libkernel.a(poll.c.obj)
 .text.k_poll_event_init
                0x0000000010009aa0       0x1e zephyr/kernel/libkernel.a(poll.c.obj)
                0x0000000010009aa0                k_poll_event_init
 .text.z_handle_obj_poll_events
                0x0000000010009abe       0x3e zephyr/kernel/libkernel.a(poll.c.obj)
                0x0000000010009abe                z_handle_obj_poll_events
 .text.z_impl_k_poll_signal_init
                0x0000000010009afc        0xa zephyr/kernel/libkernel.a(poll.c.obj)
                0x0000000010009afc                z_impl_k_poll_signal_init
 .text.z_impl_k_poll_signal_reset
                0x0000000010009b06        0x6 zephyr/kernel/libkernel.a(poll.c.obj)
                0x0000000010009b06                z_impl_k_poll_signal_reset
 .text.z_impl_k_poll_signal_check
                0x0000000010009b0c        0xa zephyr/kernel/libkernel.a(poll.c.obj)
                0x0000000010009b0c                z_impl_k_poll_signal_check
 .text.flag_test_and_clear
                0x0000000010009b16       0x16 zephyr/kernel/libkernel.a(work.c.obj)
 .text.notify_queue_locked.isra.0
                0x0000000010009b2c        0xe zephyr/kernel/libkernel.a(work.c.obj)
 .text.z_work_submit_to_queue
                0x0000000010009b3a       0x26 zephyr/kernel/libkernel.a(work.c.obj)
                0x0000000010009b3a                z_work_submit_to_queue
 .text.memcpy   0x0000000010009b60       0x1a /home/las/zephyr-sdk-0.17.2/arm-zephyr-eabi/bin/../lib/gcc/../../picolibc/arm-zephyr-eabi/lib/thumb/v8-m.main/nofp/libc.a(memcpy.c.o)
                0x0000000010009b60                memcpy
                0x0000000010009b60                __aeabi_memcpy
                0x0000000010009b60                __aeabi_memcpy4
                0x0000000010009b60                __aeabi_memcpy8
 .text.memmove  0x0000000010009b7a       0x34 /home/las/zephyr-sdk-0.17.2/arm-zephyr-eabi/bin/../lib/gcc/../../picolibc/arm-zephyr-eabi/lib/thumb/v8-m.main/nofp/libc.a(memmove.c.o)
                0x0000000010009b7a                memmove
                0x0000000010009b7a                __aeabi_memmove8
                0x0000000010009b7a                __aeabi_memmove
                0x0000000010009b7a                __aeabi_memmove4
 .text.memset   0x0000000010009bae       0x10 /home/las/zephyr-sdk-0.17.2/arm-zephyr-eabi/bin/../lib/gcc/../../picolibc/arm-zephyr-eabi/lib/thumb/v8-m.main/nofp/libc.a(memset.c.o)
                0x0000000010009bae                memset
 .text.memcmp   0x0000000010009bbe       0x20 /home/las/zephyr-sdk-0.17.2/arm-zephyr-eabi/bin/../lib/gcc/../../picolibc/arm-zephyr-eabi/lib/thumb/v8-m.main/nofp/libc.a(libc_string_memcmp.c.o)
                0x0000000010009bbe                memcmp
 .text.strchr   0x0000000010009bde       0x1a /home/las/zephyr-sdk-0.17.2/arm-zephyr-eabi/bin/../lib/gcc/../../picolibc/arm-zephyr-eabi/lib/thumb/v8-m.main/nofp/libc.a(libc_string_strchr.c.o)
                0x0000000010009bde                strchr
 .text.strncmp  0x0000000010009bf8       0x24 /home/las/zephyr-sdk-0.17.2/arm-zephyr-eabi/bin/../lib/gcc/../../picolibc/arm-zephyr-eabi/lib/thumb/v8-m.main/nofp/libc.a(libc_string_strncmp.c.o)
                0x0000000010009bf8                strncmp
 .text.strncpy  0x0000000010009c1c       0x20 /home/las/zephyr-sdk-0.17.2/arm-zephyr-eabi/bin/../lib/gcc/../../picolibc/arm-zephyr-eabi/lib/thumb/v8-m.main/nofp/libc.a(libc_string_strncpy.c.o)
                0x0000000010009c1c                strncpy
 .text.strnlen  0x0000000010009c3c       0x18 /home/las/zephyr-sdk-0.17.2/arm-zephyr-eabi/bin/../lib/gcc/../../picolibc/arm-zephyr-eabi/lib/thumb/v8-m.main/nofp/libc.a(libc_string_strnlen.c.o)
                0x0000000010009c3c                strnlen
 .text.strstr   0x0000000010009c54       0x2c /home/las/zephyr-sdk-0.17.2/arm-zephyr-eabi/bin/../lib/gcc/../../picolibc/arm-zephyr-eabi/lib/thumb/v8-m.main/nofp/libc.a(libc_string_strstr.c.o)
                0x0000000010009c54                strstr
 .text.__ultoa_invert
                0x0000000010009c80       0xac /home/las/zephyr-sdk-0.17.2/arm-zephyr-eabi/bin/../lib/gcc/../../picolibc/arm-zephyr-eabi/lib/thumb/v8-m.main/nofp/libc.a(libc_tinystdio_vflprintf.c.o)
 .text.__file_str_put
                0x0000000010009d2c       0x10 /home/las/zephyr-sdk-0.17.2/arm-zephyr-eabi/bin/../lib/gcc/../../picolibc/arm-zephyr-eabi/lib/thumb/v8-m.main/nofp/libc.a(libc_tinystdio_filestrput.c.o)
                0x0000000010009d2c                __file_str_put
 *(SORT_BY_ALIGNMENT(.TEXT.*))
 .TEXT.__aeabi_read_tp
                0x0000000010009d3c        0xc zephyr/arch/arch/arm/core/cortex_m/libarch__arm__core__cortex_m.a(__aeabi_read_tp.S.obj)
                0x0000000010009d3c                __aeabi_read_tp
 *(SORT_BY_ALIGNMENT(.gnu.linkonce.t.*))
 *(SORT_BY_ALIGNMENT(.glue_7t))
 .glue_7t       0x0000000010009d48        0x0 linker stubs
 *(SORT_BY_ALIGNMENT(.glue_7))
 .glue_7        0x0000000010009d48        0x0 linker stubs
 *(SORT_BY_ALIGNMENT(.vfp11_veneer))
 .vfp11_veneer  0x0000000010009d48        0x0 linker stubs
 *(SORT_BY_ALIGNMENT(.v4_bx))
 .v4_bx         0x0000000010009d48        0x0 linker stubs
                0x0000000010009d48                . = ALIGN (0x4)
                0x0000000010009d48                __text_region_end = .

.ARM.exidx      0x0000000010009d48        0x8
                0x0000000010009d48                __exidx_start = .
 *(SORT_BY_ALIGNMENT(.ARM.exidx*) SORT_BY_ALIGNMENT(gnu.linkonce.armexidx.*))
 .ARM.exidx     0x0000000010009d48        0x8 /home/las/zephyr-sdk-0.17.2/arm-zephyr-eabi/bin/../lib/gcc/../../picolibc/arm-zephyr-eabi/lib/thumb/v8-m.main/nofp/libc.a(strcmp.S.o)
 .ARM.exidx     0x0000000010009d50        0x0 /home/las/zephyr-sdk-0.17.2/arm-zephyr-eabi/bin/../lib/gcc/../../picolibc/arm-zephyr-eabi/lib/thumb/v8-m.main/nofp/libc.a(strcpy.S.o)
                                          0x8 (size before relaxing)
 .ARM.exidx     0x0000000010009d50        0x0 /home/las/zephyr-sdk-0.17.2/arm-zephyr-eabi/bin/../lib/gcc/../../picolibc/arm-zephyr-eabi/lib/thumb/v8-m.main/nofp/libc.a(strlen.S.o)
                                          0x8 (size before relaxing)
 .ARM.exidx     0x0000000010009d50        0x0 /home/las/zephyr-sdk-0.17.2/arm-zephyr-eabi/bin/../lib/gcc/arm-zephyr-eabi/12.2.0/thumb/v8-m.main/nofp/libgcc.a(_udivmoddi4.o)
                                          0x8 (size before relaxing)
                0x0000000010009d50                __exidx_end = .
                0x0000000010009d50                __rodata_region_start = .

initlevel       0x0000000010009d50       0x58
                0x0000000010009d50                __init_start = .
                0x0000000010009d50                __init_EARLY_start = .
 *(SORT_BY_NAME(SORT_BY_ALIGNMENT(.z_init_EARLY_P_?_*)))
 *(SORT_BY_NAME(SORT_BY_ALIGNMENT(.z_init_EARLY_P_??_*)))
 *(SORT_BY_NAME(SORT_BY_ALIGNMENT(.z_init_EARLY_P_???_*)))
                0x0000000010009d50                __init_PRE_KERNEL_1_start = .
 *(SORT_BY_NAME(SORT_BY_ALIGNMENT(.z_init_PRE_KERNEL_1_P_?_*)))
 *(SORT_BY_NAME(SORT_BY_ALIGNMENT(.z_init_PRE_KERNEL_1_P_??_*)))
 .z_init_PRE_KERNEL_1_P_30_SUB_00011_
                0x0000000010009d50        0x4 zephyr/drivers/clock_control/libdrivers__clock_control.a(clock_control_mcux_syscon.c.obj)
 .z_init_PRE_KERNEL_1_P_40_SUB_00012_
                0x0000000010009d54        0x4 zephyr/drivers/pinctrl/libdrivers__pinctrl.a(pinctrl_nxp_port.c.obj)
 .z_init_PRE_KERNEL_1_P_40_SUB_00017_
                0x0000000010009d58        0x4 zephyr/drivers/pinctrl/libdrivers__pinctrl.a(pinctrl_nxp_port.c.obj)
 .z_init_PRE_KERNEL_1_P_40_SUB_00088_
                0x0000000010009d5c        0x4 zephyr/drivers/pinctrl/libdrivers__pinctrl.a(pinctrl_nxp_port.c.obj)
 .z_init_PRE_KERNEL_1_P_40_SUB_00090_
                0x0000000010009d60        0x4 zephyr/drivers/pinctrl/libdrivers__pinctrl.a(pinctrl_nxp_port.c.obj)
 .z_init_PRE_KERNEL_1_P_40_SUB_00125_
                0x0000000010009d64        0x4 zephyr/drivers/mfd/libdrivers__mfd.a(mfd_nxp_lp_flexcomm.c.obj)
 .z_init_PRE_KERNEL_1_P_40_SUB_00129_
                0x0000000010009d68        0x4 zephyr/drivers/mfd/libdrivers__mfd.a(mfd_nxp_lp_flexcomm.c.obj)
 .z_init_PRE_KERNEL_1_P_40_SUB_00137_
                0x0000000010009d6c        0x4 zephyr/drivers/mfd/libdrivers__mfd.a(mfd_nxp_lp_flexcomm.c.obj)
 .z_init_PRE_KERNEL_1_P_40_SUB_00149_
                0x0000000010009d70        0x4 zephyr/drivers/mfd/libdrivers__mfd.a(mfd_nxp_lp_flexcomm.c.obj)
 .z_init_PRE_KERNEL_1_P_40_SUB_00162_
                0x0000000010009d74        0x4 zephyr/drivers/pinctrl/libdrivers__pinctrl.a(pinctrl_nxp_port.c.obj)
 .z_init_PRE_KERNEL_1_P_40_SUB_00183_
                0x0000000010009d78        0x4 zephyr/drivers/pinctrl/libdrivers__pinctrl.a(pinctrl_nxp_port.c.obj)
 .z_init_PRE_KERNEL_1_P_50_SUB_00131_
                0x0000000010009d7c        0x4 zephyr/drivers/serial/libdrivers__serial.a(uart_mcux_lpuart.c.obj)
 .z_init_PRE_KERNEL_1_P_50_SUB_00139_
                0x0000000010009d80        0x4 zephyr/drivers/serial/libdrivers__serial.a(uart_mcux_lpuart.c.obj)
 .z_init_PRE_KERNEL_1_P_60_SUB_0_
                0x0000000010009d84        0x4 zephyr/drivers/console/libdrivers__console.a(uart_console.c.obj)
 *(SORT_BY_NAME(SORT_BY_ALIGNMENT(.z_init_PRE_KERNEL_1_P_???_*)))
                0x0000000010009d88                __init_PRE_KERNEL_2_start = .
 *(SORT_BY_NAME(SORT_BY_ALIGNMENT(.z_init_PRE_KERNEL_2_P_?_*)))
 .z_init_PRE_KERNEL_2_P_0_SUB_0_
                0x0000000010009d88        0x4 zephyr/drivers/timer/libdrivers__timer.a(cortex_m_systick.c.obj)
 *(SORT_BY_NAME(SORT_BY_ALIGNMENT(.z_init_PRE_KERNEL_2_P_??_*)))
 *(SORT_BY_NAME(SORT_BY_ALIGNMENT(.z_init_PRE_KERNEL_2_P_???_*)))
                0x0000000010009d8c                __init_POST_KERNEL_start = .
 *(SORT_BY_NAME(SORT_BY_ALIGNMENT(.z_init_POST_KERNEL_P_?_*)))
 *(SORT_BY_NAME(SORT_BY_ALIGNMENT(.z_init_POST_KERNEL_P_??_*)))
 .z_init_POST_KERNEL_P_35_SUB_0_
                0x0000000010009d8c        0x4 zephyr/lib/libc/common/liblib__libc__common.a(malloc.c.obj)
 .z_init_POST_KERNEL_P_40_SUB_00013_
                0x0000000010009d90        0x4 zephyr/drivers/gpio/libdrivers__gpio.a(gpio_mcux.c.obj)
 .z_init_POST_KERNEL_P_40_SUB_00018_
                0x0000000010009d94        0x4 zephyr/drivers/gpio/libdrivers__gpio.a(gpio_mcux.c.obj)
 .z_init_POST_KERNEL_P_40_SUB_00163_
                0x0000000010009d98        0x4 zephyr/drivers/gpio/libdrivers__gpio.a(gpio_mcux.c.obj)
 .z_init_POST_KERNEL_P_40_SUB_00184_
                0x0000000010009d9c        0x4 zephyr/drivers/gpio/libdrivers__gpio.a(gpio_mcux.c.obj)
 .z_init_POST_KERNEL_P_40_SUB_0_
                0x0000000010009da0        0x4 zephyr/kernel/libkernel.a(system_work_q.c.obj)
 .z_init_POST_KERNEL_P_90_SUB_0_
                0x0000000010009da4        0x4 zephyr/libzephyr.a(shell_uart.c.obj)
 *(SORT_BY_NAME(SORT_BY_ALIGNMENT(.z_init_POST_KERNEL_P_???_*)))
                0x0000000010009da8                __init_APPLICATION_start = .
 *(SORT_BY_NAME(SORT_BY_ALIGNMENT(.z_init_APPLICATION_P_?_*)))
 *(SORT_BY_NAME(SORT_BY_ALIGNMENT(.z_init_APPLICATION_P_??_*)))
 *(SORT_BY_NAME(SORT_BY_ALIGNMENT(.z_init_APPLICATION_P_???_*)))
                0x0000000010009da8                __init_SMP_start = .
 *(SORT_BY_NAME(SORT_BY_ALIGNMENT(.z_init_SMP_P_?_*)))
 *(SORT_BY_NAME(SORT_BY_ALIGNMENT(.z_init_SMP_P_??_*)))
 *(SORT_BY_NAME(SORT_BY_ALIGNMENT(.z_init_SMP_P_???_*)))
                0x0000000010009da8                __init_end = .

device_area     0x0000000010009da8      0x264
                0x0000000010009da8                _device_list_start = .
 *(SORT_BY_NAME(SORT_BY_ALIGNMENT(._device.static.*_?_*)))
 *(SORT_BY_NAME(SORT_BY_ALIGNMENT(._device.static.*_??_*)))
 ._device.static.1_30_
                0x0000000010009da8       0x24 zephyr/drivers/clock_control/libdrivers__clock_control.a(clock_control_mcux_syscon.c.obj)
                0x0000000010009da8                __device_dts_ord_11
 ._device.static.1_40_
                0x0000000010009dcc       0x90 zephyr/drivers/mfd/libdrivers__mfd.a(mfd_nxp_lp_flexcomm.c.obj)
                0x0000000010009dcc                __device_dts_ord_149
                0x0000000010009df0                __device_dts_ord_137
                0x0000000010009e14                __device_dts_ord_129
                0x0000000010009e38                __device_dts_ord_125
 ._device.static.1_40_
                0x0000000010009e5c       0xd8 zephyr/drivers/pinctrl/libdrivers__pinctrl.a(pinctrl_nxp_port.c.obj)
                0x0000000010009e5c                __device_dts_ord_88
                0x0000000010009e80                __device_dts_ord_162
                0x0000000010009ea4                __device_dts_ord_90
                0x0000000010009ec8                __device_dts_ord_183
                0x0000000010009eec                __device_dts_ord_17
                0x0000000010009f10                __device_dts_ord_12
 ._device.static.1_50_
                0x0000000010009f34       0x48 zephyr/drivers/serial/libdrivers__serial.a(uart_mcux_lpuart.c.obj)
                0x0000000010009f34                __device_dts_ord_139
                0x0000000010009f58                __device_dts_ord_131
 ._device.static.3_40_
                0x0000000010009f7c       0x90 zephyr/drivers/gpio/libdrivers__gpio.a(gpio_mcux.c.obj)
                0x0000000010009f7c                __device_dts_ord_163
                0x0000000010009fa0                __device_dts_ord_184
                0x0000000010009fc4                __device_dts_ord_18
                0x0000000010009fe8                __device_dts_ord_13
 *(SORT_BY_NAME(SORT_BY_ALIGNMENT(._device.static.*_???_*)))
 *(SORT_BY_NAME(SORT_BY_ALIGNMENT(._device.static.*_????_*)))
 *(SORT_BY_NAME(SORT_BY_ALIGNMENT(._device.static.*_?????_*)))
                0x000000001000a00c                _device_list_end = .

service_area    0x000000001000a00c       0x14
                0x000000001000a00c                _service_list_start = .
 *(SORT_BY_NAME(SORT_BY_ALIGNMENT(._service.static.*_?_*)))
 ._service.static.2_0_
                0x000000001000a00c        0x4 zephyr/drivers/timer/libdrivers__timer.a(cortex_m_systick.c.obj)
 *(SORT_BY_NAME(SORT_BY_ALIGNMENT(._service.static.*_??_*)))
 ._service.static.1_60_
                0x000000001000a010        0x4 zephyr/drivers/console/libdrivers__console.a(uart_console.c.obj)
 ._service.static.3_35_
                0x000000001000a014        0x4 zephyr/lib/libc/common/liblib__libc__common.a(malloc.c.obj)
 ._service.static.3_40_
                0x000000001000a018        0x4 zephyr/kernel/libkernel.a(system_work_q.c.obj)
 ._service.static.3_90_
                0x000000001000a01c        0x4 zephyr/libzephyr.a(shell_uart.c.obj)
 *(SORT_BY_NAME(SORT_BY_ALIGNMENT(._service.static.*_???_*)))
 *(SORT_BY_NAME(SORT_BY_ALIGNMENT(._service.static.*_????_*)))
 *(SORT_BY_NAME(SORT_BY_ALIGNMENT(._service.static.*_?????_*)))
                0x000000001000a020                _service_list_end = .

sw_isr_table    0x000000001000a020      0x4d8